33f00000 T __image_copy_start
33f00000 T _start
33f00020 T _undefined_instruction
33f00024 T _software_interrupt
33f00028 T _prefetch_abort
33f0002c T _data_abort
33f00030 T _not_used
33f00034 T _irq
33f00038 T _fiq
33f00040 T IRQ_STACK_START_IN
33f00060 t undefined_instruction
33f000c0 t software_interrupt
33f00120 t prefetch_abort
33f00180 t data_abort
33f001e0 t not_used
33f00240 t irq
33f002a0 t fiq
33f002e8 T reset
33f00354 T c_runtime_cpu_setup
33f00358 t cpu_init_crit
33f0039c T lowlevel_init
33f003cc t SMRDATA
33f00400 T board_early_init_f
33f004b4 T board_init
33f004e4 T dram_init
33f004f4 T board_eth_init
33f004f8 t nand_cmd
33f0052c T nand_init_rel
33f00544 T nand_read
33f006e0 T nand_relocate
33f00700 T cleanup_before_linux
33f0071c T get_FCLK
33f00760 T get_HCLK
33f007f0 T get_PCLK
33f00810 T timer_init
33f00884 T get_ticks
33f008cc T __udelay
33f00918 T get_timer_masked
33f0093c T get_timer
33f00950 T get_tbclk
33f00958 T reset_cpu
33f00978 T print_cpuinfo
33f00a00 T _main
33f00a28 t call_board_init_f
33f00a64 t here
33f00ac0 T memset
33f00b9c T memcpy
33f00eb8 W relocate_vectors
33f00ee0 T relocate_code
33f00ef0 t copy_loop
33f00f08 t fixloop
33f00f28 t fixnext
33f00f30 t relocate_done
33f00f48 W board_quiesce_devices
33f00f4c t boot_jump_linux.isra.2
33f01030 W setup_board_tags
33f01034 W board_prep_linux
33f01038 t boot_prep_linux
33f01110 T do_bootm_linux
33f01168 T boot_prep_vxworks
33f0116c T boot_jump_vxworks
33f01178 T arch_reserve_stacks
33f01194 T interrupt_init
33f011b0 T enable_interrupts
33f011b4 T disable_interrupts
33f011bc T bad_mode
33f011cc T show_regs
33f01398 T do_undefined_instruction
33f013c4 T do_software_interrupt
33f013f0 T do_prefetch_abort
33f0141c T do_data_abort
33f01448 T do_not_used
33f01474 T do_fiq
33f014a0 T do_irq
33f014cc W reset_misc
33f014d0 T do_reset
33f01504 W enable_caches
33f01510 W flush_dcache_range
33f0151c W flush_cache
33f01524 W flush_dcache_all
33f01530 W arm_init_before_mmu
33f01534 W arm_init_domains
33f01538 T set_section_dcache
33f0154c W dram_bank_mmu_setup
33f015a8 T icache_enable
33f015c0 T icache_disable
33f015dc T icache_status
33f015ec T dcache_enable
33f01674 T dcache_disable
33f016a8 T dcache_status
33f016b8 T crc16_ccitt
33f016f4 T string_to_ip
33f017a0 T string_to_enetaddr
33f01804 T zcalloc
33f0180c T zcfree
33f01814 T inflate_fast
33f01df8 T inflate_table
33f0230c T inflateReset
33f023ac T inflateInit2_
33f024dc T inflateEnd
33f02568 T adler32
33f028b8 T inflate
33f03fc4 T gzalloc
33f03fd4 T gzfree
33f03fdc T gzip_parse_header
33f0407c T zunzip
33f04198 T gunzip
33f041e8 T qsort
33f04310 T strcmp_compar
33f0431c t _hdelete
33f0437c t cmpkey
33f04390 t drop_var_from_set.part.0
33f043f4 t match_string
33f04480 t match_entry
33f04534 T hcreate_r
33f045cc T hdestroy_r
33f04638 T hmatch_r
33f046d4 T hsearch_r
33f04bec T hdelete_r
33f04d1c T hexport_r
33f0502c T himport_r
33f05500 T hwalk_r
33f05560 T display_options_get_banner_priv
33f05600 T display_options_get_banner
33f05610 T display_options
33f05644 T print_size
33f05790 T print_buffer
33f05938 T crc32_no_comp
33f05a0c T crc32
33f05a20 T crc32_wd
33f05a24 W __div64_32
33f05aec T hang
33f05b08 T kmalloc
33f05b44 T skip_spaces
33f05b6c T strim
33f05bc8 t emit
33f05bec t store_char_in_data
33f05c14 t get_escape_char
33f05c98 t relocate
33f05cd8 t set_jump_offset
33f05d30 t quantifier
33f05db4 t match
33f0621c t loop_greedy
33f062b0 t loop_non_greedy
33f06330 t fixup_branch
33f06354 t compile
33f06678 T slre_compile
33f0672c T slre_match
33f067cc T strcpy
33f067e4 T strncpy
33f06808 T strcat
33f0683c T strcmp
33f06868 T strncmp
33f068a8 T strchr
33f068d8 T strlen
33f068fc T strlcpy
33f0694c T strnlen
33f0697c T strdup
33f069ac T memmove
33f069ec T memcmp
33f06a30 T strstr
33f06a90 T udelay
33f06ac0 t panic_finish
33f06af0 T panic
33f06b0c T __assert_fail
33f06b20 t put_dec_trunc
33f06c10 t put_dec
33f06dc4 t number
33f07088 t string
33f07140 t vsnprintf_internal
33f07844 T vscnprintf
33f07868 T snprintf
33f07890 T vsprintf
33f078a0 T sprintf
33f078c8 T printf
33f07910 T vprintf
33f07948 T simple_itoa
33f079a0 T str2off
33f079e0 T str2long
33f07a20 T strmhz
33f07a84 t _parse_integer_fixup_radix
33f07b1c T simple_strtoul
33f07b94 T strict_strtoul
33f07c0c T simple_strtol
33f07c2c T ustrtoul
33f07cac T simple_strtoull
33f07d48 T ustrtoull
33f07de0 T compute_ip_checksum
33f07e54 T ip_checksum_ok
33f07e74 T arp_init
33f07ec4 T arp_raw_request
33f07f98 T arp_request
33f0801c T arp_timeout_check
33f080b0 T arp_receive
33f08328 T arp_is_waiting
33f08340 t bootp_handler
33f08850 T bootp_reset
33f08894 T bootp_request
33f08bd0 t bootp_timeout_handler
33f08c40 W cpu_eth_init
33f08c40 t __def_eth_init
33f08c48 T eth_set_current_to_next
33f08c60 T eth_set_dev
33f08c70 T eth_get_dev_by_name
33f08cf0 T eth_get_dev_by_index
33f08d28 T eth_get_dev_index
33f08d44 T eth_write_hwaddr
33f08f20 t on_ethaddr
33f08fc8 T eth_register
33f09068 T eth_initialize
33f091e8 T eth_init
33f09284 T eth_halt
33f092b8 T eth_send
33f092f4 T eth_rx
33f09314 T eth_env_get_enetaddr_by_index
33f09360 T eth_env_set_enetaddr_by_index
33f093ac T eth_common_init
33f093b4 T eth_mac_skip
33f093f4 T eth_get_name
33f09414 T eth_current_changed
33f094ac T eth_try_another
33f09530 T eth_set_current
33f095c0 t net_clear_handlers
33f095f4 t start_again_timeout_handler
33f09608 t dummy_handler
33f0960c t on_ipaddr
33f0963c t on_gatewayip
33f0966c t on_netmask
33f0969c t on_serverip
33f096cc t net_init_loop
33f096f4 T net_init
33f09764 T net_start_again
33f098d0 T net_set_udp_handler
33f098f0 T net_get_arp_handler
33f09900 T net_set_timeout_handler
33f0995c T net_get_async_tx_pkt_buf
33f09980 T net_process_received_packet
33f09d00 T net_eth_hdr_size
33f09d44 T net_set_ether
33f09e10 T net_update_ether
33f09eb4 T net_set_ip_header
33f09f80 T net_set_udp_header
33f0a030 T net_send_ip_packet
33f0a16c T net_send_udp_packet
33f0a19c T copy_filename
33f0a1e8 T is_serverip_in_cmd
33f0a208 t net_check_prereq
33f0a334 T net_auto_load
33f0a3d4 T net_loop
33f0a644 T net_parse_bootfile
33f0a6c4 T ip_to_string
33f0a724 T string_to_vlan
33f0a77c t on_nvlan
33f0a7ac t on_vlan
33f0a7dc t rpc_lookup_reply
33f0a8f4 t nfs_mount_reply
33f0a9d8 t nfs_umountall_reply
33f0aaac t nfs_lookup_reply
33f0ad38 t nfs_readlink_reply
33f0aec4 t basename
33f0aefc t nfs_read_reply
33f0b100 t rpc_req
33f0b240 t nfs_read_req
33f0b38c t nfs_readlink_req
33f0b474 t nfs_mount_req
33f0b554 t nfs_lookup_req
33f0b708 t nfs_umountall_req
33f0b78c t nfs_send
33f0b8f4 t nfs_handler
33f0bbb0 t nfs_timeout_handler
33f0bc14 T nfs_start
33f0be30 t ping_timeout_handler
33f0be4c T ping_start
33f0bf74 T ping_receive
33f0c088 t tftp_send
33f0c26c t tftp_handler
33f0c658 t tftp_timeout_handler
33f0c6e0 T tftp_start
33f0ca24 T part_init
33f0caac t mtd_check_oob_ops
33f0cc30 T idr_remove
33f0cc4c T idr_get_next
33f0cc90 T __mtd_next_device
33f0ccb0 T mtd_dev_list_updated
33f0cccc T del_mtd_device
33f0cd58 T __get_mtd_device
33f0cd94 T get_mtd_device_nm
33f0cdf0 T __put_mtd_device
33f0ce48 T put_mtd_device
33f0ce4c T mtd_erase
33f0cee4 T mtd_read
33f0d008 T mtd_write
33f0d114 T mtd_read_oob
33f0d1e8 T mtd_write_oob
33f0d2ac T mtd_unlock
33f0d330 T add_mtd_device
33f0d534 T mtd_block_isbad
33f0d588 T mtd_block_markbad
33f0d5f0 t get_mtdids
33f0d620 T mtd_search_alternate_name
33f0d6e0 T mtd_probe_devices
33f0dab8 t part_get_unmapped_area
33f0dadc t part_read_user_prot_reg
33f0dae8 t part_get_user_prot_info
33f0db00 t part_read_fact_prot_reg
33f0db0c t part_get_fact_prot_info
33f0db24 t part_write
33f0db44 t part_panic_write
33f0db64 t part_write_oob
33f0dbdc t part_write_user_prot_reg
33f0dbe8 t part_lock_user_prot_reg
33f0dbf4 t part_lock
33f0dc14 t part_unlock
33f0dc34 t part_is_locked
33f0dc54 t part_sync
33f0dc60 t part_block_isreserved
33f0dc84 t part_block_isbad
33f0dca8 t part_block_markbad
33f0dce0 t part_read
33f0dd64 t part_read_oob
33f0df20 t mtd_parse_partition
33f0e160 t part_erase
33f0e1fc T kstrdup
33f0e23c T mtd_partitions_used
33f0e274 T mtd_parse_partitions
33f0e484 T mtd_free_parsed_partitions
33f0e4b4 T mtd_erase_callback
33f0e550 T del_mtd_partitions
33f0e62c T add_mtd_partitions
33f0ee58 T get_nand_dev_by_index
33f0ee8c T nand_register
33f0ef1c T nand_size
33f0ef2c T nand_init
33f0ef90 t verify_bbt_descr
33f0f164 t create_bbt
33f0f390 t scan_read
33f0f484 t read_bbt
33f0f674 t write_bbt
33f0fc4c t nand_update_bbt
33f0fd74 t mark_bbt_region
33f0ff24 t search_bbt
33f100fc t read_abs_bbt
33f101e4 T nand_default_bbt
33f107a0 T nand_isreserved_bbt
33f107e4 T nand_isbad_bbt
33f1083c T nand_markbad_bbt
33f1088c t check_skip_len
33f10930 T nand_erase_opts
33f10c8c T nand_verify_page_oob
33f10d4c T nand_verify
33f10e3c T nand_write_skip_bad
33f1111c T nand_read_skip_bad
33f11364 T nand_calculate_ecc
33f11488 T nand_correct_data
33f115ac t nand_release_device
33f115b8 T nand_read_byte
33f115c8 t nand_read_byte16
33f115d8 t nand_read_word
33f115e4 t nand_write_byte
33f1160c t nand_write_byte16
33f11634 T nand_write_buf
33f11654 T nand_read_buf
33f11678 T nand_write_buf16
33f116a0 T nand_read_buf16
33f116c8 t nand_setup_data_interface
33f11750 t nand_read_page_swecc
33f11894 t nand_write_page_swecc
33f11964 t nand_sync
33f11970 t nand_onfi_set_features
33f119dc t nand_onfi_get_features
33f11a30 t nand_set_defaults
33f11bcc t nand_check_erased_buf
33f11d18 t nand_block_bad
33f11e80 t nand_block_checkbad
33f11ef4 t nand_block_isbad
33f11f74 t sanitize_string
33f11fa8 t nand_block_isreserved
33f11fbc t nand_fill_oob
33f120d4 t nand_select_chip
33f12120 t nand_transfer_oob
33f12224 T nand_wait_ready
33f12280 T nand_read_page_op
33f1230c t nand_read_oob
33f12aa8 T nand_change_read_column_op
33f12b38 T nand_read_oob_op
33f12bbc t nand_read_oob_std
33f12be8 T nand_prog_page_begin_op
33f12c74 T nand_prog_page_end_op
33f12cb4 t nand_write_page
33f12dd8 T nand_prog_page_op
33f12e7c t nand_write_oob_std
33f12ea8 T nand_change_write_column_op
33f12f38 T nand_readid_op
33f12fac T nand_status_op
33f12ff4 t nand_check_wp
33f13028 t nand_do_write_ops
33f133b0 T nand_erase_op
33f13420 t single_erase
33f13434 T nand_reset_op
33f13458 T nand_read_data_op
33f134c0 t nand_wait
33f135bc t nand_read_oob_syndrome
33f13700 t nand_read_page_raw_syndrome
33f137f4 t nand_read_page_raw
33f13840 t panic_nand_write
33f1391c t nand_wait_status_ready.constprop.15
33f13970 t nand_command
33f13b70 t nand_command_lp
33f13df4 T nand_write_data_op
33f13e5c t nand_write_oob_syndrome
33f13ff4 t nand_write_page_raw_syndrome
33f140e8 t nand_write_page_syndrome
33f14204 t nand_write_subpage_hwecc
33f143a8 t nand_write_page_raw
33f143f4 t nand_write_page_hwecc
33f144d4 T nand_reset
33f1459c t nand_do_write_oob
33f14758 t nand_default_block_markbad
33f1482c t nand_write_oob
33f148d0 T nand_check_erased_ecc_chunk
33f14980 t nand_read_page_syndrome
33f14b7c t nand_read_subpage
33f14e44 t nand_read_page_hwecc
33f14ffc t nand_read_page_hwecc_oob_first
33f151a8 T nand_erase_nand
33f15448 t nand_block_markbad
33f15538 t nand_erase
33f15540 T nand_get_flash_type
33f16110 T nand_scan_ident
33f1632c T nand_scan_tail
33f169b4 T nand_scan
33f169d8 T onfi_init_data_interface
33f16a90 T nand_get_default_data_interface
33f16a9c t s3c24x0_hwcontrol
33f16af4 t s3c24x0_dev_ready
33f16b04 t s3c2440_nand_select_chip
33f16b68 T board_nand_init
33f16be4 t mmc_set_ios
33f16c00 t mmc_set_capacity
33f16cc4 W board_mmc_getcd
33f16ccc T mmc_send_cmd
33f16cdc t mmc_send_ext_csd
33f16d28 t mmc_read_and_compare_ext_csd
33f16dd0 t mmc_go_idle
33f16e18 t mmc_send_op_cond_iter
33f16e90 T mmc_send_status
33f16ef4 t __mmc_switch.constprop.13
33f16fe4 t mmc_set_card_speed.constprop.12
33f1708c T mmc_switch
33f17090 t mmc_startup_v4
33f17410 T mmc_switch_part
33f17484 T mmc_getcd
33f174bc T mmc_set_clock
33f17524 t mmc_startup
33f18268 W board_mmc_power_init
33f1826c T mmc_get_op_cond
33f184f4 T mmc_start_init
33f18560 T mmc_init
33f18664 W cpu_mmc_init
33f1866c W board_mmc_init
33f18674 T mmc_initialize
33f186cc T find_mmc_device
33f1871c t mmc_select_hwpartp
33f18770 t mmc_get_dev
33f187a0 T mmc_get_blk_desc
33f187a8 T mmc_do_preinit
33f187dc T mmc_list_init
33f18800 T print_mmc_devices
33f188b4 t dm9000_outblk_8bit
33f188d4 t dm9000_outblk_16bit
33f188fc t dm9000_outblk_32bit
33f1892c t dm9000_inblk_8bit
33f18950 t dm9000_inblk_16bit
33f18978 t dm9000_inblk_32bit
33f189a8 t dm9000_rx_status_32bit
33f189c8 t dm9000_rx_status_16bit
33f189e8 t dm9000_rx_status_8bit
33f18a28 t dm9000_phy_read
33f18a8c t dm9000_reset
33f18b58 t dm9000_init
33f18ed0 t dm9000_rx
33f19014 t dm9000_send
33f190f0 t dm9000_halt
33f19174 T dm9000_read_srom_word
33f191e0 T dm9000_initialize
33f19270 t serial_stub_start
33f1927c t serial_stub_stop
33f19288 t serial_stub_putc
33f19298 t serial_stub_puts
33f192a8 t serial_stub_getc
33f192b4 t serial_stub_tstc
33f192c0 t get_current
33f19300 W atmel_serial_initialize
33f19300 W mcf_serial_initialize
33f19300 W mpc85xx_serial_initialize
33f19300 W mtk_serial_initialize
33f19300 W mxc_serial_initialize
33f19300 W ns16550_serial_initialize
33f19300 W pl01x_serial_initialize
33f19300 W pxa_serial_initialize
33f19300 W sh_serial_initialize
33f19300 t serial_null
33f19304 T serial_register
33f1931c T serial_stdio_init
33f193c0 T serial_assign
33f1940c T serial_initialize
33f19444 T serial_init
33f19464 T serial_setbrg
33f19478 t on_baudrate
33f1956c T serial_getc
33f19580 T serial_tstc
33f19594 T serial_putc
33f195b0 T serial_puts
33f195cc T s3serial1_tstc
33f195e0 T s3serial2_getc
33f19600 t _serial_setbrg
33f19628 T s3serial0_setbrg
33f19630 T s3serial1_setbrg
33f19638 T s3serial2_setbrg
33f19640 T s3serial1_init
33f19680 t _serial_putc
33f196a8 T s3serial0_putc
33f196b0 T s3serial1_putc
33f196b8 T s3serial2_putc
33f196c0 t _serial_puts
33f196e4 T s3serial0_puts
33f196ec T s3serial1_puts
33f196f4 T s3serial2_puts
33f196fc T s3serial2_tstc
33f19710 T s3serial0_tstc
33f19720 T s3serial0_getc
33f1973c T s3serial1_getc
33f1975c T s3serial2_init
33f1979c T s3serial0_init
33f197d8 W default_serial_console
33f197e4 T s3c24xx_serial_initialize
33f19810 W do_go_exec
33f19820 t do_go
33f1988c T do_bootm
33f19998 T do_bootd
33f199b8 t image_info
33f19aa4 t do_iminfo
33f19af4 T bootm_maybe_autostart
33f19b6c t do_help
33f19bb0 t do_version
33f19bf0 T source
33f19d1c t do_source
33f19d84 t print_num
33f19d9c t do_bdinfo
33f19f64 t parse_argv
33f19fc8 W invalidate_icache_all
33f19fd4 t do_icache
33f1a060 t do_dcache
33f1a0ec t do_coninfo
33f1a198 t do_echo
33f1a244 t load_elf_image_phdr
33f1a3b4 T valid_elf_image
33f1a400 T do_bootelf
33f1a7ac T do_bootvx
33f1aae0 t do_flinfo
33f1aae8 t do_protect
33f1aaf8 t do_flerase
33f1ab00 t evalexp
33f1ab7c t evalstr
33f1abdc t binary_test
33f1ad9c t do_itest
33f1ae24 t bin_data_init
33f1ae50 t k_data_save
33f1ae9c t k_data_restore
33f1aee8 t getcxmodem
33f1af04 t load_serial_ymodem
33f1afd0 t bin_data_char
33f1affc t chk1.constprop.2
33f1b02c t s1_sendpacket.constprop.3
33f1b078 t load_serial
33f1b254 t do_load_serial
33f1b32c t do_load_serial_bin
33f1badc t do_mem_mw
33f1bb98 t do_mem_loop
33f1bc84 t do_mem_md
33f1bd6c t do_mem_cmp
33f1bec0 t do_mem_base
33f1bf00 t do_mem_cp
33f1bfa8 t do_mem_crc
33f1bff0 t mod_mem.isra.0
33f1c160 t do_mem_mm
33f1c168 t do_mem_nm
33f1c170 t do_sleep
33f1c240 t complete_mtd
33f1c26c t mtd_dump_buf
33f1c308 t mtd_show_parts
33f1c3ac t get_mtd_by_name
33f1c3ec t do_mtd_bad
33f1c4b0 t do_mtd_list
33f1c6a0 t mtd_name_complete
33f1c790 t do_mtd
33f1c820 t mtd_is_aligned_with_block_size.isra.0
33f1c820 t mtd_is_aligned_with_min_io_size.isra.1
33f1c864 t do_mtd_erase
33f1cb04 t mtd_len_to_pages.isra.2
33f1cb44 t do_mtd_io
33f1d248 t part_delall
33f1d288 t memsize_parse
33f1d308 t mtd_part_info
33f1d408 t index_partitions
33f1d520 t current_save
33f1d610 t part_sort_add
33f1d750 t env_get_mtdparts
33f1d78c t memsize_format
33f1d814 t device_del
33f1d890 t generate_mtdparts_save.constprop.6
33f1db80 t device_delall.constprop.8
33f1dbe4 t mtd_devices_init
33f1dc10 t get_mtd_info.constprop.9
33f1dca0 t part_validate
33f1e054 T device_find
33f1e0a0 t device_parse
33f1e718 T mtd_id_parse
33f1e858 T find_dev_and_part
33f1ea1c T mtdparts_init
33f1f24c t do_chpart
33f1f328 t do_mtdparts
33f1fa28 T mtd_arg_off
33f1fb24 T mtd_arg_off_size
33f1fc44 t set_dev
33f1fca0 t nand_load_image
33f1fe84 t do_nandboot
33f200ac t nand_print_and_set_info.constprop.0
33f20190 t do_nand
33f20e14 t netboot_common
33f210c4 t do_bootp
33f210d0 t do_nfs
33f210dc T do_tftpb
33f2111c t do_ping
33f21194 t do_imgextract
33f21448 T do_upgrade
33f21634 t do_env_delete
33f216d4 t do_env_exists
33f21738 t do_env
33f217a0 t env_print
33f21864 t do_env_print
33f21920 t do_env_import
33f21be4 t do_env_default
33f21cc8 t _do_env_set.isra.0
33f21e7c t do_env_set
33f21e98 T env_get_id
33f21ea8 T env_set
33f21f08 T env_set_ulong
33f21f28 T env_set_hex
33f21f5c t do_env_export
33f22184 T env_match
33f221f0 T env_get_f
33f222d4 T env_get
33f2234c T eth_env_get_enetaddr
33f223a8 T eth_env_set_enetaddr
33f223f4 T env_get_ulong
33f22420 t do_env_edit.part.3
33f224c0 t do_env_edit
33f224ec T board_init_f_alloc_reserve
33f224f8 T board_init_f_init_reserve
33f22504 W show_boot_progress
33f2250c T main_loop
33f22534 t mdelay
33f22540 t dummy
33f22544 T get_version
33f2254c T jumptable_init
33f22724 T hash_command
33f227d4 T bootdelay_process
33f2282c T autoboot_command
33f22948 t log_init
33f22950 t log_init
33f22958 t setup_mon_len
33f22978 t setup_spl_handoff
33f22980 W arch_cpu_init
33f22988 t reserve_round_4k
33f229a0 W dram_init_banksize
33f229c4 W reserve_mmu
33f22a1c t display_new_sp
33f22a38 t reserve_fdt
33f22abc t reserve_global_data
33f22af0 t reserve_malloc
33f22b24 t reserve_uboot
33f22b78 t display_text_info
33f22ba8 t setup_reloc
33f22c18 t reloc_fdt
33f22c5c t reserve_board
33f22cb0 t announce_dram_init
33f22cc8 t init_baud_rate
33f22cf4 t initf_bootstage
33f22d08 W arch_cpu_init_dm
33f22d10 W mach_cpu_init
33f22d18 t reserve_video
33f22d20 t reserve_trace
33f22d28 t setup_machine
33f22d30 t reserve_bootstage
33f22d38 t reserve_bloblist
33f22d40 t reloc_bootstage
33f22d48 t reloc_bloblist
33f22d50 t initf_console_record
33f22d58 t initf_dm
33f22d60 W reserve_arch
33f22d68 W coloured_LED_init
33f22d6c W red_led_on
33f22d70 W board_add_ram_info
33f22d74 t show_dram_config
33f22e30 W board_get_usable_ram_top
33f22e44 t setup_dest_addr
33f22eb0 t reserve_stacks
33f22ecc T board_init_f
33f22f3c t initr_trace
33f22f44 t initr_reloc
33f22f5c t initr_reloc_global_data
33f22f84 t run_main_loop
33f22fa0 t initr_net
33f22fbc t initr_ethaddr
33f22fdc t initr_enable_interrupts
33f22fec t initr_jumptable
33f22ffc t initr_env
33f2302c t initr_mmc
33f2304c t initr_nand
33f2307c t initr_announce
33f23098 t initr_serial
33f230a8 t initr_bootstage
33f230bc t initr_malloc
33f230e0 t initr_caches
33f230f0 W power_init_board
33f230f8 t initr_barrier
33f23100 t initr_console_record
33f23108 W cpu_secondary_init_r
33f2310c t initr_secondary_cpu
33f2311c T board_init_r
33f2317c W checkboard
33f23184 W show_board_info
33f23188 T bootm_find_images
33f231d4 T do_bootm_states
33f2397c T do_bootm_vxworks
33f23ab0 t copy_args
33f23afc t do_bootm_rtems
33f23b40 t do_bootm_plan9
33f23be8 t do_bootm_standalone
33f23c50 t do_bootm_qnxelf
33f23cc0 t do_bootm_netbsd
33f23dbc W arch_preboot_os
33f23dc0 W board_preboot_os
33f23dc4 T boot_selected_os
33f23e30 T bootm_os_get_boot_func
33f23e40 t delete_char.part.0
33f23f10 t cread_add_char
33f23fec T cli_readline_into_buffer
33f249f8 T cli_readline
33f24a0c T cli_simple_parse_line
33f24a98 T cli_simple_process_macros
33f24c98 T cli_simple_run_command
33f24de8 T cli_simple_loop
33f24e6c T cli_simple_run_command_list
33f24ef4 t console_setfile
33f24fb0 t fgetc.part.0
33f24fe8 T getc
33f25008 T ftstc
33f25028 T tstc
33f25048 T fputc
33f25064 T putc
33f25090 T fputs
33f250ac T puts
33f250d8 T fprintf
33f25128 T ctrlc
33f25180 T confirm_yesno
33f2524c T had_ctrlc
33f2525c T clear_ctrlc
33f25270 T search_device
33f25298 T console_assign
33f252d8 t on_console
33f2538c T console_init_f
33f2539c T stdio_print_current_devices
33f2544c T console_init_r
33f25524 t do_check_chunk
33f255fc t do_check_free_chunk
33f25794 t do_check_inuse_chunk
33f258b0 t do_check_malloced_chunk
33f25998 T sbrk
33f25a00 T mem_malloc_init
33f25a54 T malloc_trim
33f25b38 T free
33f25d70 T malloc
33f263b0 T calloc
33f2647c T memalign
33f26630 T initf_malloc
33f26638 t on_loadaddr
33f26678 T image_check_hcrc
33f266e0 T image_check_dcrc
33f26750 T image_multi_count
33f2676c T image_multi_getimg
33f26824 T memmove_wd
33f26830 T genimg_print_size
33f26860 T get_table_entry
33f26884 T get_table_entry_name
33f268a4 T genimg_get_os_name
33f268bc T genimg_get_arch_name
33f268d4 T genimg_get_type_name
33f268ec T image_decomp
33f269cc T genimg_get_comp_name
33f269e4 T image_print_contents
33f26c18 T genimg_get_kernel_addr_fit
33f26c68 T genimg_get_format
33f26ca4 T boot_get_ramdisk
33f26f70 T boot_get_setup
33f26f78 W get_effective_memsize
33f26f80 t stdio_serial_tstc
33f26f84 t stdio_serial_getc
33f26f88 t stdio_serial_puts
33f26f90 t stdio_serial_putc
33f26f98 T stdio_get_list
33f26fa4 T stdio_get_by_name
33f26ff0 T stdio_clone
33f27024 T stdio_register_dev
33f27074 T stdio_register
33f2707c T stdio_init_tables
33f27098 T stdio_add_devices
33f27110 T run_command
33f27128 T run_command_repeatable
33f2712c T run_command_list
33f271bc T do_run
33f27230 T cli_loop
33f27244 T cli_init
33f27248 T find_cmd_tbl
33f272ec T find_cmd
33f27314 T cmd_usage
33f27370 T _do_help
33f274f0 T var_complete
33f2758c T complete_subcmdv
33f2773c T cmd_auto_complete
33f27b2c T cmd_get_data_size
33f27b7c T cmd_always_repeatable
33f27b98 T cmd_never_repeatable
33f27bb4 T cmd_discard_repeatable
33f27bd4 T cmd_process
33f27d5c t hex1_bin
33f27d9c t hex2_bin
33f27dd4 T srec_decode
33f28020 t zm_save
33f2803c t zm_dprintf
33f2807c t zm_dump
33f2808c t CYGACC_COMM_IF_GETC_TIMEOUT.isra.1
33f280d8 t xyzModem_flush
33f280f4 t xyzModem_get_hdr
33f28418 T xyzModem_stream_open
33f28654 T xyzModem_stream_read
33f28908 T xyzModem_stream_close
33f28970 T xyzModem_stream_terminate
33f28a44 T xyzModem_error
33f28a60 T env_get_yesno
33f28a9c T env_get_default
33f28acc T env_set_default
33f28b70 T env_set_default_vars
33f28bac T env_relocate
33f28bc0 T env_complete
33f28d74 W env_get_location
33f28d8c t env_driver_lookup
33f28de4 W env_get_char_spec
33f28df0 T env_get_char
33f28e0c T env_load
33f28ee0 T env_init
33f28f90 t regex_callback
33f290d0 T env_attr_walk
33f291f4 T env_attr_lookup
33f29274 t clear_callback
33f29284 t find_env_callback
33f292e0 t on_callbacks
33f29330 t set_callback
33f293cc T env_callback_init
33f29490 t skip_num
33f294fc t clear_flags
33f2950c t on_flags
33f2955c T env_flags_parse_vartype
33f295ac T env_flags_parse_varaccess
33f295fc t set_flags
33f296ac T eth_validate_ethaddr_str
33f29740 T env_flags_init
33f29818 T env_flags_validate
33f29aa0 t env_nowhere_init
33f29ab8 T __aeabi_uidiv
33f29ab8 T __udivsi3
33f29ba0 T __aeabi_idiv
33f29ba0 T __divsi3
33f29cb8 T __aeabi_uidivmod
33f29cd0 T __aeabi_idivmod
33f29ce8 t Ldiv0
33f29cf8 T __div0
33f29d00 r onfi_sdr_timings
33f2a1d8 r CSWTCH.49
33f2a1f8 r boot_os
33f2a258 r crc_table
33f2a658 r env_flags_varaccess_mask
33f2a668 r ext_csd_bus_width
33f2a6a4 r fbase
33f2a6b4 r freq_f
33f2a6c0 r freqs.9865
33f2a6f8 r init_sequence_f
33f2a7ac r mmc_modes_by_pref
33f2a7cc r mmc_versions.10258
33f2a7f0 r op_table
33f2a858 r sd_au_size.10128
33f2a898 r sd_modes_by_pref
33f2a8a8 r uimage_arch
33f2a9ec r uimage_comp
33f2aa40 r uimage_os
33f2aadc r uimage_type
33f2acbc r crc16_tab
33f2aebc r dbase.8676
33f2aefc r dext.8677
33f2af3c r distfix
33f2afbc r lbase.8674
33f2affa r lenfix
33f2b7fa r lext.8675
33f2b838 r order.8770
33f2b868 r CSWTCH.76
33f2b8a0 r __func__.10286
33f2b8af r __func__.10325
33f2b8c0 r __func__.10446
33f2b8cb r __func__.10473
33f2b8de r __func__.10546
33f2b8ef r __func__.10589
33f2b900 r __func__.10614
33f2b90b r __func__.10773
33f2b915 r __func__.10989
33f2b92e r __func__.11181
33f2b940 r __func__.11474
33f2b94e r __func__.11747
33f2b962 r __func__.11886
33f2b971 r __func__.8320
33f2b981 r __func__.8452
33f2b993 r __func__.8453
33f2b99d r __func__.8454
33f2b9b1 r __func__.8455
33f2b9b7 r __func__.8478
33f2b9bd r __func__.8486
33f2b9c6 r __func__.8505
33f2b9cf r __func__.8520
33f2b9e0 r __func__.8525
33f2b9ef r __func__.8529
33f2b9ff r __func__.8531
33f2ba13 r __func__.8535
33f2ba27 r __func__.8536
33f2ba3c r __func__.8541
33f2ba4d r __func__.8544
33f2ba65 r __func__.8558
33f2ba77 r __func__.8563
33f2ba8a r __func__.8572
33f2ba99 r __func__.8586
33f2baa5 r __func__.8598
33f2baaf r __func__.8658
33f2bab8 r __func__.8714
33f2bacb r __func__.9784
33f2badf r __func__.9824
33f2bb02 R _ctype
33f2c774 R default_environment
33f2cb62 r digits.9945
33f2ebc8 r env_flags_varaccess_rep
33f2ebcd r env_flags_vartype_rep
33f2ecfc r erase_seq
33f2efd1 r freq_c
33f2f21a R hex_asc
33f305c2 r multipliers
33f305d2 r names.8560
33f30630 r nand_ecc_precalc_table
33f30d12 R net_bcast_ethaddr
33f33e5c r tab_seq
33f34129 V version_string
33f34368 d first_call.8628
33f3436c D net_native_vlan
33f3436e D net_our_vlan
33f34370 d nfs_offset
33f34374 d supported_nfs_versions
33f34376 d tftp_block_size
33f34378 d tftp_block_size_option
33f3437c D tftp_timeout_count_max
33f34380 d timeout_count_max
33f34384 d timeout_ms
33f34388 D nand_curr_device
33f3438c d bbt_main_descr
33f343b0 d bbt_main_no_oob_descr
33f343d4 d bbt_mirror_descr
33f343f8 d bbt_mirror_no_oob_descr
33f3441c d bbt_pattern
33f34420 d mirror_pattern
33f34424 d scan_ff_pattern
33f34428 D nand_flash_ids
33f351c0 d nand_oob_128
33f35d68 d nand_oob_16
33f36910 d nand_oob_64
33f374b8 d nand_oob_8
33f38060 d cur_dev_num
33f38064 D s3c24xx_serial0_device
33f38094 D s3c24xx_serial1_device
33f380c4 D s3c24xx_serial2_device
33f380f4 d bootm_help_text
33f38300 d cmd_bootm_sub
33f383c4 d source_help_text
33f38414 d do_echo
33f38418 d dp_last_length
33f3841c d mtd_help_text
33f387b8 d mtd_subcmds
33f38860 d mtdparts_help_text
33f38d3e d nand_help_text
33f3912c d imgextract_help_text
33f39184 d cmd_env_sub
33f39280 d env_help_text
33f394c0 d env_id
33f394c4 d init_sequence_r
33f3952c d hist_cur
33f39530 d av_
33f39938 d sbrk_base
33f3993c d trim_threshold
33f39940 D load_addr
33f39944 D stdio_names
33f39950 d zm_out
33f39954 D env_htab
33f39964 d first_call
33f39968 d first_call
33f3996c D _u_boot_list_2_blk_driver_2_mmc
33f3996c d start.8474
33f3996c d start.8478
33f3996c d start.8493
33f3996c d start.8497
33f39984 D _u_boot_list_2_cmd_2_base
33f39984 d end.8481
33f39984 d end.8500
33f39984 d start.8276
33f39984 d start.8280
33f39984 d start.8351
33f39984 d start.8355
33f39984 d start.8410
33f39984 d start.8413
33f399a0 D _u_boot_list_2_cmd_2_bdinfo
33f399bc D _u_boot_list_2_cmd_2_boot
33f399d8 D _u_boot_list_2_cmd_2_bootd
33f399f4 D _u_boot_list_2_cmd_2_bootelf
33f39a10 D _u_boot_list_2_cmd_2_bootm
33f39a2c D _u_boot_list_2_cmd_2_bootp
33f39a48 D _u_boot_list_2_cmd_2_bootvx
33f39a64 D _u_boot_list_2_cmd_2_chpart
33f39a80 D _u_boot_list_2_cmd_2_cmp
33f39a9c D _u_boot_list_2_cmd_2_coninfo
33f39ab8 D _u_boot_list_2_cmd_2_cp
33f39ad4 D _u_boot_list_2_cmd_2_crc32
33f39af0 D _u_boot_list_2_cmd_2_dcache
33f39b0c D _u_boot_list_2_cmd_2_echo
33f39b28 D _u_boot_list_2_cmd_2_editenv
33f39b44 D _u_boot_list_2_cmd_2_env
33f39b60 D _u_boot_list_2_cmd_2_erase
33f39b7c D _u_boot_list_2_cmd_2_flinfo
33f39b98 D _u_boot_list_2_cmd_2_go
33f39bb4 D _u_boot_list_2_cmd_2_help
33f39bd0 D _u_boot_list_2_cmd_2_icache
33f39bec D _u_boot_list_2_cmd_2_iminfo
33f39c08 D _u_boot_list_2_cmd_2_imxtract
33f39c24 D _u_boot_list_2_cmd_2_itest
33f39c40 D _u_boot_list_2_cmd_2_loadb
33f39c5c D _u_boot_list_2_cmd_2_loads
33f39c78 D _u_boot_list_2_cmd_2_loadx
33f39c94 D _u_boot_list_2_cmd_2_loady
33f39cb0 D _u_boot_list_2_cmd_2_loop
33f39ccc D _u_boot_list_2_cmd_2_md
33f39ce8 D _u_boot_list_2_cmd_2_mm
33f39d04 D _u_boot_list_2_cmd_2_mtd
33f39d20 D _u_boot_list_2_cmd_2_mtdparts
33f39d3c D _u_boot_list_2_cmd_2_mw
33f39d58 D _u_boot_list_2_cmd_2_nand
33f39d74 D _u_boot_list_2_cmd_2_nboot
33f39d90 D _u_boot_list_2_cmd_2_nfs
33f39dac D _u_boot_list_2_cmd_2_nm
33f39dc8 D _u_boot_list_2_cmd_2_ping
33f39de4 D _u_boot_list_2_cmd_2_printenv
33f39e00 D _u_boot_list_2_cmd_2_protect
33f39e1c D _u_boot_list_2_cmd_2_question_mark
33f39e38 D _u_boot_list_2_cmd_2_reset
33f39e54 D _u_boot_list_2_cmd_2_run
33f39e70 D _u_boot_list_2_cmd_2_setenv
33f39e8c D _u_boot_list_2_cmd_2_sleep
33f39ea8 D _u_boot_list_2_cmd_2_source
33f39ec4 D _u_boot_list_2_cmd_2_tftpboot
33f39ee0 D _u_boot_list_2_cmd_2_upgrade
33f39efc D _u_boot_list_2_cmd_2_version
33f39f18 D _u_boot_list_2_env_clbk_2_baudrate
33f39f18 d end.8283
33f39f18 d end.8358
33f39f18 d end.8416
33f39f18 d start.8418
33f39f18 d start.8425
33f39f20 D _u_boot_list_2_env_clbk_2_callbacks
33f39f28 D _u_boot_list_2_env_clbk_2_console
33f39f30 D _u_boot_list_2_env_clbk_2_ethaddr
33f39f38 D _u_boot_list_2_env_clbk_2_flags
33f39f40 D _u_boot_list_2_env_clbk_2_gatewayip
33f39f48 D _u_boot_list_2_env_clbk_2_ipaddr
33f39f50 D _u_boot_list_2_env_clbk_2_loadaddr
33f39f58 D _u_boot_list_2_env_clbk_2_netmask
33f39f60 D _u_boot_list_2_env_clbk_2_nvlan
33f39f68 D _u_boot_list_2_env_clbk_2_serverip
33f39f70 D _u_boot_list_2_env_clbk_2_vlan
33f39f78 D _u_boot_list_2_env_driver_2_nowhere
33f39f78 d end.8421
33f39f78 d start.8418
33f39f78 d start.8426
33f39f90 B __bss_base
33f39f90 B __bss_start
33f39f90 D __image_copy_end
33f39f90 D __rel_dyn_end
33f39f90 D __rel_dyn_start
33f39f90 D _end
33f39f90 D _image_binary_end
33f39f90 b params
33f39f90 d end.8374
33f39f90 d end.8421
33f39f90 d end.8447
33f39f90 d start.8367
33f39f90 d start.8371
33f39f90 d start.8440
33f39f90 d start.8444
33f39f94 B z_verbose
33f39f98 B errno
33f39f9c b local.10158
33f39fb4 B arp_tx_packet
33f39fb8 b arp_tx_packet_buf
33f3a5d8 B arp_wait_packet_ethaddr
33f3a5dc B arp_wait_timer_start
33f3a5e0 B arp_wait_try
33f3a5e4 B arp_wait_tx_packet_size
33f3a5e8 B net_arp_wait_packet_ip
33f3a5ec b net_arp_wait_reply_ip
33f3a5f0 B bootp_ids
33f3a600 B bootp_num_ids
33f3a604 B bootp_start
33f3a608 B bootp_timeout
33f3a60c B bootp_try
33f3a610 B net_hostname
33f3a630 B net_nis_domain
33f3a650 B net_root_path
33f3a690 b time_taken_max
33f3a694 B eth_current
33f3a698 b eth_devices
33f3a69c b index.9823
33f3a6a0 b act.9838
33f3a6a4 b env_changed_id.9839
33f3a6a8 b first_failed.9833
33f3a6ac b arp_packet_handler
33f3a6b0 B net_boot_file_expected_size_in_blocks
33f3a6b4 B net_boot_file_name
33f3aab4 B net_boot_file_name_explicit
33f3aab8 B net_boot_file_size
33f3aabc b net_dev_exists
33f3aac0 B net_dns_server
33f3aac4 B net_ethaddr
33f3aacc B net_gateway
33f3aad0 B net_ip
33f3aad4 b net_ip_id
33f3aad8 B net_netmask
33f3aadc B net_null_ethaddr
33f3aae2 b net_pkt_buf
33f3c904 B net_restart_wrap
33f3c908 b net_restarted
33f3c90c B net_rx_packet
33f3c910 B net_rx_packet_len
33f3c914 B net_rx_packets
33f3c924 B net_server_ethaddr
33f3c92c B net_server_ip
33f3c930 B net_state
33f3c934 b net_try_count
33f3c938 B net_tx_packet
33f3c93c b time_delta
33f3c940 b time_handler
33f3c944 b time_start
33f3c948 b time_start
33f3c94c b udp_packet_handler
33f3c950 b dirfh
33f3c970 b filefh
33f3c9b0 b filefh3_length
33f3c9b4 b fs_mounted
33f3c9b8 b nfs_download_state
33f3c9bc b nfs_filename
33f3c9c0 b nfs_len
33f3c9c4 b nfs_our_port
33f3c9c8 b nfs_path
33f3c9cc b nfs_path_buff
33f3d1cc b nfs_server_ip
33f3d1d0 b nfs_server_mount_port
33f3d1d4 b nfs_server_port
33f3d1d8 b nfs_state
33f3d1dc b nfs_timeout_count
33f3d1e0 b rpc_id
33f3d1e4 B net_ping_ip
33f3d1e8 b ping_seq_number
33f3d1ea b default_filename
33f3d1f8 b tftp_block_wrap
33f3d1fc b tftp_block_wrap_offset
33f3d200 b tftp_cur_block
33f3d204 b tftp_filename
33f3d284 b tftp_load_addr
33f3d288 b tftp_our_port
33f3d28c b tftp_prev_block
33f3d290 b tftp_remote_ip
33f3d294 b tftp_remote_port
33f3d298 b tftp_state
33f3d29c b timeout_count
33f3d2a0 b mtd_idr
33f3d4a4 b mtd_del_all_parts_failed
33f3d4a8 b old_mtdids.9664
33f3d4ac b old_mtdparts.9663
33f3d4b0 b tmp_parts.9642
33f3d6b0 b dev_name
33f3d6b8 b initialized.10432
33f3d6c0 b nand_chip
33f3dbf8 b nand_info
33f3dbfc b total_nand_size
33f3dc00 b initialized.10362
33f3dc04 b mmc_devices
33f3dc0c b dm9000_info
33f3dcfc b serial_current
33f3dd00 b serial_devices
33f3dd04 b a_b
33f3dd1c b bin_start_address
33f3dd20 b his_eol
33f3dd21 b his_pad_char
33f3dd24 b his_pad_count
33f3dd28 b his_quote
33f3dd2c b k_data_escape
33f3dd30 b k_data_escape_saved
33f3dd34 b os_data_addr
33f3dd38 b os_data_addr_saved
33f3dd3c b os_data_char
33f3dd40 b os_data_init
33f3dd44 b os_data_state
33f3dd48 b os_data_state_saved
33f3dd4c b send_parms
33f3dd60 b send_ptr
33f3dd64 b base_address
33f3dd68 b dp_last_addr
33f3dd6c b dp_last_size
33f3dd70 b mm_last_addr
33f3dd74 b mm_last_size
33f3dd78 B current_mtd_dev
33f3dd7c B current_mtd_partnum
33f3dd80 b devices
33f3dd88 b initialized.10822
33f3dd8c b last_ids
33f3de0d b last_partition
33f3de1e b last_parts
33f3e020 b mtdids
33f3e028 B use_defaults
33f3e030 b last.10583
33f3e038 b stored_bootdelay
33f3e03c B monitor_flash_len
33f3e040 B images
33f3e0d0 B console_buffer
33f3e1d4 b hist_add_idx
33f3e1d8 b hist_lines
33f3f5ec b hist_list
33f3f63c b hist_max
33f3f640 b hist_num
33f3f644 b initted.8481
33f3f648 b lastcommand.8411
33f3f74c b ctrlc_disabled
33f3f750 b ctrlc_was_pressed
33f3f754 b current_mallinfo
33f3f77c b max_sbrked_mem
33f3f780 b max_total_mem
33f3f784 B mem_malloc_brk
33f3f788 B mem_malloc_end
33f3f78c B mem_malloc_start
33f3f790 b top_pad
33f3f794 b devs
33f3f7e0 B stdio_devices
33f3f7ec b env_complete_buf
33f3f9ec b tmp_buf
33f3faf0 b xyz
33f3ff24 b zm_bp
33f3ff28 b zm_buf
33f40728 b zm_debug_buf
33f42728 b callback_list
33f4272c b flags_list
33f42730 B __bss_end
33f42730 B __bss_limit
