33f00000 T __image_copy_start
33f00000 T _start
33f00020 T _undefined_instruction
33f00024 T _software_interrupt
33f00028 T _prefetch_abort
33f0002c T _data_abort
33f00030 T _not_used
33f00034 T _irq
33f00038 T _fiq
33f00040 T IRQ_STACK_START_IN
33f00060 t undefined_instruction
33f000c0 t software_interrupt
33f00120 t prefetch_abort
33f00180 t data_abort
33f001e0 t not_used
33f00240 t irq
33f002a0 t fiq
33f002e8 T reset
33f00354 T c_runtime_cpu_setup
33f00358 t cpu_init_crit
33f00398 T lowlevel_init
33f003c8 t SMRDATA
33f003fc T board_early_init_f
33f004b0 T board_init
33f004e0 T dram_init
33f004f0 T board_eth_init
33f004f8 t nand_cmd
33f0052c T nand_init
33f00544 T nand_read
33f006e0 T nand_relocate
33f00700 T cleanup_before_linux
33f0071c T get_FCLK
33f00760 T get_HCLK
33f007f0 T get_PCLK
33f00810 T timer_init
33f00884 T get_ticks
33f008cc T __udelay
33f00918 T get_timer_masked
33f0093c T get_timer
33f00950 T get_tbclk
33f00958 T reset_cpu
33f00978 T print_cpuinfo
33f00a00 T _main
33f00a20 t call_board_init_f
33f00a64 t here
33f00ac0 T memset
33f00b9c T memcpy
33f00eb8 W relocate_vectors
33f00ee0 T relocate_code
33f00ef0 t copy_loop
33f00f08 t fixloop
33f00f28 t fixnext
33f00f30 t relocate_done
33f00f48 t boot_prep_linux.isra.0
33f00f68 T arch_lmb_reserve
33f01000 W board_quiesce_devices
33f01004 T do_bootm_linux
33f01100 T boot_prep_vxworks
33f01104 T boot_jump_vxworks
33f01110 T arch_reserve_stacks
33f0112c T interrupt_init
33f01148 T enable_interrupts
33f0114c T disable_interrupts
33f01154 T bad_mode
33f01164 T show_regs
33f01330 T do_undefined_instruction
33f0135c T do_software_interrupt
33f01388 T do_prefetch_abort
33f013b4 T do_data_abort
33f013e0 T do_not_used
33f0140c T do_fiq
33f01438 T do_irq
33f01464 W reset_misc
33f01468 T do_reset
33f0149c W enable_caches
33f014a8 W flush_dcache_range
33f014ac W flush_cache
33f014b4 W flush_dcache_all
33f014c0 W arm_init_before_mmu
33f014c4 W arm_init_domains
33f014c8 T set_section_dcache
33f014dc W dram_bank_mmu_setup
33f01538 T icache_enable
33f01548 T icache_disable
33f0155c T dcache_enable
33f015d8 T dcache_disable
33f015fc T dcache_status
33f0160c T crc16_ccitt
33f01648 T string_to_ip
33f016f4 T string_to_enetaddr
33f01758 T zcalloc
33f01760 T zcfree
33f01768 T inflate_fast
33f01d4c T inflate_table
33f02260 T inflateReset
33f02300 T inflateInit2_
33f02430 T inflateEnd
33f024bc T adler32
33f0280c T inflate
33f03f18 T gzalloc
33f03f28 T gzfree
33f03f30 T gzip_parse_header
33f03fd0 T zunzip
33f040ec T gunzip
33f0413c T qsort
33f04264 T strcmp_compar
33f04270 t _hdelete
33f042d0 t cmpkey
33f042e4 t drop_var_from_set.part.0
33f04348 t match_string
33f043d4 t match_entry
33f04488 T hcreate_r
33f04520 T hdestroy_r
33f0458c T hmatch_r
33f04628 T hsearch_r
33f04b40 T hdelete_r
33f04c70 T hexport_r
33f04f80 T himport_r
33f05454 T hwalk_r
33f054b4 T display_options_get_banner_priv
33f05554 T display_options_get_banner
33f05564 T display_options
33f05598 T print_size
33f056e4 T print_buffer
33f0588c T crc32_no_comp
33f05960 T crc32
33f05974 T crc32_wd
33f05978 W __div64_32
33f05a40 T hang
33f05a5c T skip_spaces
33f05a84 T strim
33f05ae0 t lmb_overlaps_region
33f05b30 t lmb_add_region
33f05cc4 T lmb_add
33f05cc8 T lmb_reserve
33f05cd0 T __lmb_alloc_base
33f05db8 T lmb_alloc_base
33f05de8 T lmb_alloc
33f05df0 T lmb_get_free_size
33f05e70 W board_lmb_reserve
33f05e74 T lmb_init_and_reserve
33f05ecc T lmb_init_and_reserve_range
33f05f00 t emit
33f05f24 t store_char_in_data
33f05f4c t get_escape_char
33f05fd0 t relocate
33f06010 t set_jump_offset
33f06068 t quantifier
33f060ec t match
33f06554 t loop_greedy
33f065e8 t loop_non_greedy
33f06668 t fixup_branch
33f0668c t compile
33f069b0 T slre_compile
33f06a64 T slre_match
33f06b04 T strcpy
33f06b1c T strncpy
33f06b40 T strcat
33f06b74 T strcmp
33f06ba0 T strncmp
33f06be0 T strchr
33f06c10 T strlen
33f06c34 T strlcpy
33f06c84 T strnlen
33f06cb4 T strdup
33f06ce4 T memmove
33f06d24 T memcmp
33f06d68 T strstr
33f06dc8 T udelay
33f06df8 t panic_finish
33f06e28 T panic
33f06e44 T __assert_fail
33f06e58 t put_dec_trunc
33f06f48 t put_dec
33f070fc t number
33f073c0 t string
33f07478 t vsnprintf_internal
33f07b7c T vscnprintf
33f07ba0 T snprintf
33f07bc8 T vsprintf
33f07bd8 T sprintf
33f07c00 T printf
33f07c48 T vprintf
33f07c80 T strmhz
33f07ce4 t _parse_integer_fixup_radix
33f07d7c T simple_strtoul
33f07df4 T strict_strtoul
33f07e6c T simple_strtol
33f07e8c T ustrtoul
33f07f0c T simple_strtoull
33f07fa8 T ustrtoull
33f08040 T compute_ip_checksum
33f080b4 T arp_init
33f08104 T arp_raw_request
33f081d8 T arp_request
33f0825c T arp_timeout_check
33f082f0 t bootp_handler
33f08800 T bootp_reset
33f08844 T bootp_request
33f08b80 t bootp_timeout_handler
33f08bf0 W cpu_eth_init
33f08bf0 t __def_eth_init
33f08bf8 T eth_set_current_to_next
33f08c10 T eth_set_dev
33f08c20 T eth_get_dev_by_name
33f08ca0 T eth_get_dev_by_index
33f08cd8 T eth_get_dev_index
33f08cf4 T eth_write_hwaddr
33f08ed0 t on_ethaddr
33f08f78 T eth_initialize
33f090f8 T eth_init
33f09194 T eth_halt
33f091c8 T eth_send
33f09204 T eth_rx
33f09224 T eth_env_get_enetaddr_by_index
33f09270 T eth_env_set_enetaddr_by_index
33f092bc T eth_common_init
33f092c4 T eth_mac_skip
33f09304 T eth_get_name
33f09324 T eth_current_changed
33f093bc T eth_try_another
33f09440 T eth_set_current
33f094d0 t net_clear_handlers
33f09504 t start_again_timeout_handler
33f09518 t dummy_handler
33f0951c t on_ipaddr
33f0954c t on_gatewayip
33f0957c t on_netmask
33f095ac t on_serverip
33f095dc t net_init_loop
33f09604 T net_init
33f09674 T net_start_again
33f097e0 T net_set_udp_handler
33f09800 T net_set_timeout_handler
33f0985c T net_eth_hdr_size
33f098a0 T net_set_ether
33f0996c T net_set_ip_header
33f09a38 T net_set_udp_header
33f09ae8 T net_send_ip_packet
33f09c24 T net_send_udp_packet
33f09c54 T copy_filename
33f09ca0 T is_serverip_in_cmd
33f09cc0 t net_check_prereq
33f09dc8 T net_auto_load
33f09e68 T net_loop
33f0a0b8 T net_parse_bootfile
33f0a138 T ip_to_string
33f0a198 T string_to_vlan
33f0a1f0 t on_nvlan
33f0a220 t on_vlan
33f0a250 t rpc_lookup_reply
33f0a368 t nfs_mount_reply
33f0a44c t nfs_umountall_reply
33f0a520 t nfs_lookup_reply
33f0a7ac t nfs_readlink_reply
33f0a938 t basename
33f0a970 t nfs_read_reply
33f0ab74 t rpc_req
33f0acb4 t nfs_read_req
33f0ae00 t nfs_readlink_req
33f0aee8 t nfs_mount_req
33f0afc8 t nfs_lookup_req
33f0b17c t nfs_umountall_req
33f0b200 t nfs_send
33f0b368 t nfs_handler
33f0b624 t nfs_timeout_handler
33f0b688 T nfs_start
33f0b8a4 t tftp_send
33f0ba88 t tftp_handler
33f0bec0 t tftp_timeout_handler
33f0bf48 T tftp_start
33f0c2f0 T part_init
33f0c378 t mmc_set_ios
33f0c394 t mmc_set_capacity
33f0c458 W board_mmc_getcd
33f0c460 T mmc_send_cmd
33f0c470 t mmc_send_ext_csd
33f0c4bc t mmc_read_and_compare_ext_csd
33f0c564 t mmc_go_idle
33f0c5ac t mmc_send_op_cond_iter
33f0c624 T mmc_send_status
33f0c688 t __mmc_switch.constprop.13
33f0c778 t mmc_set_card_speed.constprop.12
33f0c820 T mmc_switch
33f0c824 t mmc_startup_v4
33f0cba4 T mmc_switch_part
33f0cc18 T mmc_getcd
33f0cc50 T mmc_set_clock
33f0ccb8 t mmc_startup
33f0d9fc W board_mmc_power_init
33f0da00 T mmc_get_op_cond
33f0dc88 T mmc_start_init
33f0dcf4 T mmc_init
33f0ddf8 W cpu_mmc_init
33f0de00 W board_mmc_init
33f0de08 T mmc_initialize
33f0de60 T find_mmc_device
33f0deb0 t mmc_select_hwpartp
33f0df04 t mmc_get_dev
33f0df34 T mmc_get_blk_desc
33f0df3c T mmc_do_preinit
33f0df70 T mmc_list_init
33f0df94 T print_mmc_devices
33f0e048 t serial_stub_start
33f0e054 t serial_stub_stop
33f0e060 t serial_stub_putc
33f0e070 t serial_stub_puts
33f0e080 t serial_stub_getc
33f0e08c t serial_stub_tstc
33f0e098 t get_current
33f0e0d8 W atmel_serial_initialize
33f0e0d8 W mcf_serial_initialize
33f0e0d8 W mpc85xx_serial_initialize
33f0e0d8 W mtk_serial_initialize
33f0e0d8 W mxc_serial_initialize
33f0e0d8 W ns16550_serial_initialize
33f0e0d8 W pl01x_serial_initialize
33f0e0d8 W pxa_serial_initialize
33f0e0d8 W sh_serial_initialize
33f0e0d8 t serial_null
33f0e0dc T serial_register
33f0e0f4 T serial_stdio_init
33f0e198 T serial_assign
33f0e1e4 T serial_initialize
33f0e21c T serial_init
33f0e23c T serial_setbrg
33f0e250 t on_baudrate
33f0e344 T serial_getc
33f0e358 T serial_tstc
33f0e36c T serial_putc
33f0e388 T serial_puts
33f0e3a4 T s3serial1_getc
33f0e3c4 T s3serial1_tstc
33f0e3d8 t _serial_setbrg
33f0e400 T s3serial0_setbrg
33f0e408 T s3serial1_setbrg
33f0e410 T s3serial2_setbrg
33f0e418 t serial_init_dev
33f0e464 T s3serial0_init
33f0e46c T s3serial1_init
33f0e474 T s3serial2_init
33f0e47c t _serial_putc
33f0e4a4 T s3serial0_putc
33f0e4ac T s3serial1_putc
33f0e4b4 T s3serial2_putc
33f0e4bc t _serial_puts
33f0e4e0 T s3serial0_puts
33f0e4e8 T s3serial1_puts
33f0e4f0 T s3serial2_puts
33f0e4f8 T s3serial2_tstc
33f0e50c T s3serial0_tstc
33f0e51c T s3serial2_getc
33f0e53c T s3serial0_getc
33f0e558 W default_serial_console
33f0e564 T s3c24xx_serial_initialize
33f0e590 W do_go_exec
33f0e5a0 t do_go
33f0e60c T do_bootm
33f0e718 T do_bootd
33f0e738 t image_info
33f0e824 t do_iminfo
33f0e874 T bootm_maybe_autostart
33f0e8ec t do_help
33f0e930 t do_version
33f0e970 T source
33f0ea9c t do_source
33f0eb04 t print_num
33f0eb1c t do_bdinfo
33f0ece4 t do_coninfo
33f0ed90 t do_echo
33f0ee3c t load_elf_image_phdr
33f0efac T valid_elf_image
33f0eff8 T do_bootelf
33f0f3a4 T do_bootvx
33f0f6d8 t evalexp
33f0f754 t evalstr
33f0f7b4 t binary_test
33f0f974 t do_itest
33f0f9fc t bin_data_init
33f0fa28 t k_data_save
33f0fa74 t k_data_restore
33f0fac0 t getcxmodem
33f0fadc t load_serial_ymodem
33f0fba8 t bin_data_char
33f0fbd4 t chk1.constprop.2
33f0fc04 t s1_sendpacket.constprop.3
33f0fc50 t load_serial
33f0fe2c t do_load_serial
33f0ff04 t do_load_serial_bin
33f106b4 t do_mem_mw
33f10770 t do_mem_loop
33f1085c t do_mem_md
33f10944 t do_mem_cmp
33f10a98 t do_mem_base
33f10ad8 t do_mem_cp
33f10b80 t do_mem_crc
33f10bc8 t mod_mem.isra.0
33f10d38 t do_mem_mm
33f10d40 t do_mem_nm
33f10d48 t do_sleep
33f10e18 t netboot_common
33f110c8 t do_bootp
33f110d4 t do_nfs
33f110e0 T do_tftpb
33f11120 t do_imgextract
33f113d4 t do_env_delete
33f114a0 t do_env_exists
33f11504 t do_env
33f1156c t env_print
33f11630 t do_env_print
33f116ec t do_env_import
33f119b0 t do_env_default
33f11a94 t _do_env_set.isra.0
33f11c70 t do_env_set
33f11c8c T env_get_id
33f11c9c T env_set
33f11cfc T env_set_hex
33f11d30 t do_env_export
33f11f58 T env_match
33f11fc4 T env_get_f
33f120a8 T env_get
33f12120 T eth_env_get_enetaddr
33f1217c T eth_env_set_enetaddr
33f121c8 T env_get_ulong
33f121f4 t do_env_edit.part.3
33f12294 t do_env_edit
33f122c0 T board_init_f_alloc_reserve
33f122cc T board_init_f_init_reserve
33f122d8 W show_boot_progress
33f122e0 T main_loop
33f12308 t mdelay
33f12314 t dummy
33f12318 T get_version
33f12320 T jumptable_init
33f124f8 T hash_command
33f125a8 T bootdelay_process
33f12600 T autoboot_command
33f1271c t log_init
33f12724 t log_init
33f1272c t setup_mon_len
33f1274c t setup_spl_handoff
33f12754 W arch_cpu_init
33f1275c t reserve_round_4k
33f12774 W dram_init_banksize
33f12798 W reserve_mmu
33f127f0 t display_new_sp
33f1280c t reserve_fdt
33f12890 t reserve_global_data
33f128c4 t reserve_malloc
33f128f8 t reserve_uboot
33f1294c t display_text_info
33f1297c t setup_reloc
33f129ec t reloc_fdt
33f12a30 t reserve_board
33f12a84 t announce_dram_init
33f12a9c t init_baud_rate
33f12ac8 t initf_bootstage
33f12adc W arch_cpu_init_dm
33f12ae4 W mach_cpu_init
33f12aec t reserve_video
33f12af4 t reserve_trace
33f12afc t setup_machine
33f12b04 t reserve_bootstage
33f12b0c t reserve_bloblist
33f12b14 t reloc_bootstage
33f12b1c t reloc_bloblist
33f12b24 t initf_console_record
33f12b2c t initf_dm
33f12b34 W reserve_arch
33f12b3c W coloured_LED_init
33f12b40 W red_led_on
33f12b44 W board_add_ram_info
33f12b48 t show_dram_config
33f12c04 W board_get_usable_ram_top
33f12c18 t setup_dest_addr
33f12c84 t reserve_stacks
33f12ca0 T board_init_f
33f12d50 t initr_trace
33f12d58 t initr_reloc
33f12d70 t initr_reloc_global_data
33f12d98 t run_main_loop
33f12da4 t initr_net
33f12dc0 t initr_ethaddr
33f12de0 t initr_enable_interrupts
33f12df0 t initr_jumptable
33f12e00 t initr_env
33f12e30 t initr_mmc
33f12e50 t initr_announce
33f12e6c t initr_serial
33f12e7c t initr_bootstage
33f12e90 t initr_malloc
33f12eb4 t initr_caches
33f12ec4 W power_init_board
33f12ecc t initr_barrier
33f12ed4 t initr_console_record
33f12edc W cpu_secondary_init_r
33f12ee0 t initr_secondary_cpu
33f12ef0 T board_init_r
33f12f90 W checkboard
33f12f98 W show_board_info
33f12f9c T bootm_find_images
33f12fe8 T do_bootm_states
33f13814 T do_bootm_vxworks
33f13948 t copy_args
33f13994 t do_bootm_rtems
33f139d8 t do_bootm_plan9
33f13a80 t do_bootm_standalone
33f13ae8 t do_bootm_qnxelf
33f13b58 t do_bootm_netbsd
33f13c54 W arch_preboot_os
33f13c58 W board_preboot_os
33f13c5c T boot_selected_os
33f13cc8 T bootm_os_get_boot_func
33f13cd8 t delete_char.part.0
33f13da8 t cread_add_char
33f13e84 T cli_readline_into_buffer
33f14890 T cli_readline
33f148a4 T cli_simple_parse_line
33f14930 T cli_simple_process_macros
33f14b30 T cli_simple_run_command
33f14c80 T cli_simple_loop
33f14d04 T cli_simple_run_command_list
33f14d8c t console_setfile
33f14e48 t fgetc.part.0
33f14e80 T getc
33f14ea0 T ftstc
33f14ec0 T tstc
33f14ee0 T fputc
33f14efc T putc
33f14f28 T fputs
33f14f44 T puts
33f14f70 T fprintf
33f14fc0 T ctrlc
33f15018 T had_ctrlc
33f15028 T clear_ctrlc
33f1503c T search_device
33f15064 T console_assign
33f150a4 t on_console
33f15158 T console_init_f
33f15168 T stdio_print_current_devices
33f15218 T console_init_r
33f152f0 t do_check_chunk
33f153c8 t do_check_free_chunk
33f15560 t do_check_inuse_chunk
33f1567c t do_check_malloced_chunk
33f15764 T sbrk
33f157cc T mem_malloc_init
33f15820 T malloc_trim
33f15904 T free
33f15b3c T malloc
33f1617c T calloc
33f16248 T initf_malloc
33f16250 t on_loadaddr
33f16290 T image_check_hcrc
33f162f8 T image_check_dcrc
33f16368 T image_multi_count
33f16384 T image_multi_getimg
33f1643c T env_get_bootm_low
33f16468 T env_get_bootm_size
33f164cc T env_get_bootm_mapsize
33f164fc T memmove_wd
33f16508 T genimg_print_size
33f16538 T get_table_entry
33f1655c T get_table_entry_name
33f1657c T genimg_get_os_name
33f16594 T genimg_get_arch_name
33f165ac T genimg_get_type_name
33f165c4 T image_decomp
33f166a4 T genimg_get_comp_name
33f166bc T image_print_contents
33f168f0 T genimg_get_kernel_addr_fit
33f16940 T genimg_get_format
33f1697c T boot_get_ramdisk
33f16c48 T boot_ramdisk_high
33f16db4 T boot_get_setup
33f16dbc W get_effective_memsize
33f16dc4 t stdio_serial_tstc
33f16dc8 t stdio_serial_getc
33f16dcc t stdio_serial_puts
33f16dd4 t stdio_serial_putc
33f16ddc T stdio_get_list
33f16de8 T stdio_get_by_name
33f16e34 T stdio_clone
33f16e68 T stdio_register_dev
33f16eb8 T stdio_register
33f16ec0 T stdio_init_tables
33f16edc T stdio_add_devices
33f16f54 T run_command
33f16f6c T run_command_repeatable
33f16f70 T run_command_list
33f17000 T do_run
33f17074 T cli_loop
33f17088 T cli_init
33f1708c T find_cmd_tbl
33f17130 T find_cmd
33f17158 T cmd_usage
33f171b4 T _do_help
33f17334 T var_complete
33f173d0 T complete_subcmdv
33f17580 T cmd_auto_complete
33f17970 T cmd_get_data_size
33f179c0 T cmd_always_repeatable
33f179dc T cmd_never_repeatable
33f179f8 T cmd_process
33f17b80 t hex1_bin
33f17bc0 t hex2_bin
33f17bf8 T srec_decode
33f17e44 t zm_save
33f17e60 t zm_dprintf
33f17ea0 t zm_dump
33f17eb0 t CYGACC_COMM_IF_GETC_TIMEOUT.isra.1
33f17efc t xyzModem_flush
33f17f18 t xyzModem_get_hdr
33f1823c T xyzModem_stream_open
33f18478 T xyzModem_stream_read
33f1872c T xyzModem_stream_close
33f18794 T xyzModem_stream_terminate
33f18868 T xyzModem_error
33f18884 T env_get_yesno
33f188c0 T env_get_default
33f188f0 T env_set_default
33f18994 T env_set_default_vars
33f189d0 T env_relocate
33f189e4 T env_complete
33f18b98 W env_get_location
33f18bb0 t env_driver_lookup
33f18c08 W env_get_char_spec
33f18c14 T env_get_char
33f18c30 T env_load
33f18d04 T env_init
33f18db4 t regex_callback
33f18ef4 T env_attr_walk
33f19018 T env_attr_lookup
33f19098 t clear_callback
33f190a8 t find_env_callback
33f19104 t on_callbacks
33f19154 t set_callback
33f191f0 T env_callback_init
33f192b4 t skip_num
33f19320 t clear_flags
33f19330 t on_flags
33f19380 T env_flags_parse_vartype
33f193d0 T env_flags_parse_varaccess
33f19420 t set_flags
33f194d0 T eth_validate_ethaddr_str
33f19564 T env_flags_init
33f1963c T env_flags_validate
33f198c4 t env_nowhere_init
33f198dc T __aeabi_uidiv
33f198dc T __udivsi3
33f199c4 T __aeabi_idiv
33f199c4 T __divsi3
33f19adc T __aeabi_uidivmod
33f19af4 T __aeabi_idivmod
33f19b0c t Ldiv0
33f19b1c T __div0
33f19ba8 r CSWTCH.49
33f19bc8 r boot_os
33f19c28 r crc_table
33f1a028 r env_flags_varaccess_mask
33f1a038 r ext_csd_bus_width
33f1a074 r fbase
33f1a084 r freq_f
33f1a090 r freqs.9865
33f1a0c8 r init_sequence_f
33f1a17c r mmc_modes_by_pref
33f1a19c r mmc_versions.10258
33f1a1c0 r op_table
33f1a228 r sd_au_size.10128
33f1a268 r sd_modes_by_pref
33f1a278 r uimage_arch
33f1a3bc r uimage_comp
33f1a410 r uimage_os
33f1a4ac r uimage_type
33f1a68c r crc16_tab
33f1a88c r dbase.8676
33f1a8cc r dext.8677
33f1a90c r distfix
33f1a98c r lbase.8674
33f1a9ca r lenfix
33f1b1ca r lext.8675
33f1b208 r order.8770
33f1b238 r CSWTCH.76
33f1b270 r __func__.8320
33f1b280 r __func__.8447
33f1b294 r __func__.8452
33f1b2a6 r __func__.8453
33f1b2b0 r __func__.8455
33f1b2b6 r __func__.8478
33f1b2bc r __func__.8486
33f1b2c5 r __func__.8505
33f1b2ce r __func__.8520
33f1b2df r __func__.8525
33f1b2ee r __func__.8529
33f1b2fe r __func__.8531
33f1b312 r __func__.8535
33f1b326 r __func__.8536
33f1b33b r __func__.8541
33f1b34c r __func__.8544
33f1b364 r __func__.8558
33f1b376 r __func__.8563
33f1b389 r __func__.8572
33f1b398 r __func__.8586
33f1b3a4 r __func__.8598
33f1b3ae r __func__.8713
33f1b3c1 r __func__.9784
33f1b3d5 R _ctype
33f1bdb4 R default_environment
33f1bdd2 r digits.9945
33f1d144 r env_flags_varaccess_rep
33f1d149 r env_flags_vartype_rep
33f1d29b r erase_seq
33f1d4a8 r freq_c
33f1d683 R hex_asc
33f1e23d r multipliers
33f1e24d r names.8560
33f1e298 R net_bcast_ethaddr
33f203f6 r tab_seq
33f206cb V version_string
33f208e0 d first_call.8628
33f208e4 D net_native_vlan
33f208e6 D net_our_vlan
33f208e8 d nfs_offset
33f208ec d supported_nfs_versions
33f208ee d tftp_block_size
33f208f0 d tftp_block_size_option
33f208f4 D tftp_timeout_count_max
33f208f8 d timeout_count_max
33f208fc d timeout_ms
33f20900 d cur_dev_num
33f20904 D s3c24xx_serial0_device
33f20934 D s3c24xx_serial1_device
33f20964 D s3c24xx_serial2_device
33f20994 d bootm_help_text
33f20bdc d cmd_bootm_sub
33f20cbc d source_help_text
33f20d0c d do_echo
33f20d10 d dp_last_length
33f20d14 d imgextract_help_text
33f20d6c d cmd_env_sub
33f20e68 d env_help_text
33f210a8 d env_id
33f210ac d init_sequence_r
33f21110 d hist_cur
33f21114 d av_
33f2151c d sbrk_base
33f21520 d trim_threshold
33f21524 D load_addr
33f21528 D stdio_names
33f21534 d zm_out
33f21538 D env_htab
33f21548 d first_call
33f2154c d first_call
33f21550 D _u_boot_list_2_blk_driver_2_mmc
33f21550 d start.8474
33f21550 d start.8478
33f21550 d start.8493
33f21550 d start.8497
33f21568 D _u_boot_list_2_cmd_2_base
33f21568 d end.8481
33f21568 d end.8500
33f21568 d start.8276
33f21568 d start.8280
33f21568 d start.8351
33f21568 d start.8355
33f21568 d start.8410
33f21568 d start.8413
33f21584 D _u_boot_list_2_cmd_2_bdinfo
33f215a0 D _u_boot_list_2_cmd_2_boot
33f215bc D _u_boot_list_2_cmd_2_bootd
33f215d8 D _u_boot_list_2_cmd_2_bootelf
33f215f4 D _u_boot_list_2_cmd_2_bootm
33f21610 D _u_boot_list_2_cmd_2_bootp
33f2162c D _u_boot_list_2_cmd_2_bootvx
33f21648 D _u_boot_list_2_cmd_2_cmp
33f21664 D _u_boot_list_2_cmd_2_coninfo
33f21680 D _u_boot_list_2_cmd_2_cp
33f2169c D _u_boot_list_2_cmd_2_crc32
33f216b8 D _u_boot_list_2_cmd_2_echo
33f216d4 D _u_boot_list_2_cmd_2_editenv
33f216f0 D _u_boot_list_2_cmd_2_env
33f2170c D _u_boot_list_2_cmd_2_go
33f21728 D _u_boot_list_2_cmd_2_help
33f21744 D _u_boot_list_2_cmd_2_iminfo
33f21760 D _u_boot_list_2_cmd_2_imxtract
33f2177c D _u_boot_list_2_cmd_2_itest
33f21798 D _u_boot_list_2_cmd_2_loadb
33f217b4 D _u_boot_list_2_cmd_2_loads
33f217d0 D _u_boot_list_2_cmd_2_loadx
33f217ec D _u_boot_list_2_cmd_2_loady
33f21808 D _u_boot_list_2_cmd_2_loop
33f21824 D _u_boot_list_2_cmd_2_md
33f21840 D _u_boot_list_2_cmd_2_mm
33f2185c D _u_boot_list_2_cmd_2_mw
33f21878 D _u_boot_list_2_cmd_2_nfs
33f21894 D _u_boot_list_2_cmd_2_nm
33f218b0 D _u_boot_list_2_cmd_2_printenv
33f218cc D _u_boot_list_2_cmd_2_question_mark
33f218e8 D _u_boot_list_2_cmd_2_reset
33f21904 D _u_boot_list_2_cmd_2_run
33f21920 D _u_boot_list_2_cmd_2_setenv
33f2193c D _u_boot_list_2_cmd_2_sleep
33f21958 D _u_boot_list_2_cmd_2_source
33f21974 D _u_boot_list_2_cmd_2_tftpboot
33f21990 D _u_boot_list_2_cmd_2_version
33f219ac D _u_boot_list_2_env_clbk_2_baudrate
33f219ac d end.8283
33f219ac d end.8358
33f219ac d end.8416
33f219ac d start.8418
33f219ac d start.8425
33f219b4 D _u_boot_list_2_env_clbk_2_callbacks
33f219bc D _u_boot_list_2_env_clbk_2_console
33f219c4 D _u_boot_list_2_env_clbk_2_ethaddr
33f219cc D _u_boot_list_2_env_clbk_2_flags
33f219d4 D _u_boot_list_2_env_clbk_2_gatewayip
33f219dc D _u_boot_list_2_env_clbk_2_ipaddr
33f219e4 D _u_boot_list_2_env_clbk_2_loadaddr
33f219ec D _u_boot_list_2_env_clbk_2_netmask
33f219f4 D _u_boot_list_2_env_clbk_2_nvlan
33f219fc D _u_boot_list_2_env_clbk_2_serverip
33f21a04 D _u_boot_list_2_env_clbk_2_vlan
33f21a0c D _u_boot_list_2_env_driver_2_nowhere
33f21a0c d end.8421
33f21a0c d start.8418
33f21a0c d start.8426
33f21a24 B __bss_base
33f21a24 B __bss_start
33f21a24 B z_verbose
33f21a24 D __image_copy_end
33f21a24 D __rel_dyn_end
33f21a24 D __rel_dyn_start
33f21a24 D _end
33f21a24 D _image_binary_end
33f21a24 d end.8374
33f21a24 d end.8421
33f21a24 d end.8447
33f21a24 d start.8367
33f21a24 d start.8371
33f21a24 d start.8440
33f21a24 d start.8444
33f21a28 B errno
33f21a2c B arp_tx_packet
33f21a30 b arp_tx_packet_buf
33f22050 B arp_wait_packet_ethaddr
33f22054 B arp_wait_timer_start
33f22058 B arp_wait_try
33f2205c B arp_wait_tx_packet_size
33f22060 B net_arp_wait_packet_ip
33f22064 b net_arp_wait_reply_ip
33f22068 B bootp_ids
33f22078 B bootp_num_ids
33f2207c B bootp_start
33f22080 B bootp_timeout
33f22084 B bootp_try
33f22088 B net_hostname
33f220a8 B net_nis_domain
33f220c8 B net_root_path
33f22108 b time_taken_max
33f2210c B eth_current
33f22110 b eth_devices
33f22114 b act.9838
33f22118 b env_changed_id.9839
33f2211c b first_failed.9833
33f22120 b arp_packet_handler
33f22124 B net_boot_file_expected_size_in_blocks
33f22128 B net_boot_file_name
33f22528 B net_boot_file_name_explicit
33f2252c B net_boot_file_size
33f22530 b net_dev_exists
33f22534 B net_dns_server
33f22538 B net_ethaddr
33f22540 B net_gateway
33f22544 B net_ip
33f22548 b net_ip_id
33f2254c B net_netmask
33f22550 B net_null_ethaddr
33f22556 b net_pkt_buf
33f24378 B net_restart_wrap
33f2437c b net_restarted
33f24380 B net_rx_packet
33f24384 B net_rx_packets
33f24394 B net_server_ethaddr
33f2439c B net_server_ip
33f243a0 B net_state
33f243a4 b net_try_count
33f243a8 B net_tx_packet
33f243ac b time_delta
33f243b0 b time_handler
33f243b4 b time_start
33f243b8 b time_start
33f243bc b udp_packet_handler
33f243c0 b dirfh
33f243e0 b filefh
33f24420 b filefh3_length
33f24424 b fs_mounted
33f24428 b nfs_download_state
33f2442c b nfs_filename
33f24430 b nfs_len
33f24434 b nfs_our_port
33f24438 b nfs_path
33f2443c b nfs_path_buff
33f24c3c b nfs_server_ip
33f24c40 b nfs_server_mount_port
33f24c44 b nfs_server_port
33f24c48 b nfs_state
33f24c4c b nfs_timeout_count
33f24c50 b rpc_id
33f24c54 b default_filename
33f24c64 b tftp_block_wrap
33f24c68 b tftp_block_wrap_offset
33f24c6c b tftp_cur_block
33f24c70 b tftp_filename
33f24cf0 b tftp_load_addr
33f24cf4 b tftp_load_size
33f24cf8 b tftp_our_port
33f24cfc b tftp_prev_block
33f24d00 b tftp_remote_ip
33f24d04 b tftp_remote_port
33f24d08 b tftp_state
33f24d0c b timeout_count
33f24d10 b initialized.10362
33f24d14 b mmc_devices
33f24d1c b serial_current
33f24d20 b serial_devices
33f24d24 b a_b
33f24d3c b bin_start_address
33f24d40 b his_eol
33f24d41 b his_pad_char
33f24d44 b his_pad_count
33f24d48 b his_quote
33f24d4c b k_data_escape
33f24d50 b k_data_escape_saved
33f24d54 b os_data_addr
33f24d58 b os_data_addr_saved
33f24d5c b os_data_char
33f24d60 b os_data_init
33f24d64 b os_data_state
33f24d68 b os_data_state_saved
33f24d6c b send_parms
33f24d80 b send_ptr
33f24d84 b base_address
33f24d88 b dp_last_addr
33f24d8c b dp_last_size
33f24d90 b mm_last_addr
33f24d94 b mm_last_size
33f24d98 b stored_bootdelay
33f24d9c B monitor_flash_len
33f24da0 B images
33f24ed0 B console_buffer
33f24fd4 b hist_add_idx
33f24fd8 b hist_lines
33f263ec b hist_list
33f2643c b hist_max
33f26440 b hist_num
33f26444 b initted.8481
33f26448 b lastcommand.8411
33f2654c b ctrlc_disabled
33f26550 b ctrlc_was_pressed
33f26554 b current_mallinfo
33f2657c b max_sbrked_mem
33f26580 b max_total_mem
33f26584 B mem_malloc_brk
33f26588 B mem_malloc_end
33f2658c B mem_malloc_start
33f26590 b top_pad
33f26594 b devs
33f265e0 B stdio_devices
33f265ec b env_complete_buf
33f267ec b tmp_buf
33f268f0 b xyz
33f26d24 b zm_bp
33f26d28 b zm_buf
33f27528 b zm_debug_buf
33f29528 b callback_list
33f2952c b flags_list
33f29530 B __bss_end
33f29530 B __bss_limit
