33f00000 T __image_copy_start
33f00000 T _start
33f00020 T _undefined_instruction
33f00024 T _software_interrupt
33f00028 T _prefetch_abort
33f0002c T _data_abort
33f00030 T _not_used
33f00034 T _irq
33f00038 T _fiq
33f00040 T IRQ_STACK_START_IN
33f00060 t undefined_instruction
33f000c0 t software_interrupt
33f00120 t prefetch_abort
33f00180 t data_abort
33f001e0 t not_used
33f00240 t irq
33f002a0 t fiq
33f002e8 T reset
33f00354 T c_runtime_cpu_setup
33f00358 t cpu_init_crit
33f00398 T lowlevel_init
33f003c8 t SMRDATA
33f003fc T board_early_init_f
33f004b0 T board_init
33f004e0 T dram_init
33f004f0 T board_eth_init
33f004f8 t nand_cmd
33f0052c T nand_init_rel
33f00544 T nand_read
33f006e0 T nand_relocate
33f00700 T cleanup_before_linux
33f0071c T get_FCLK
33f00760 T get_HCLK
33f007f0 T get_PCLK
33f00810 T timer_init
33f00884 T get_ticks
33f008cc T __udelay
33f00918 T get_timer_masked
33f0093c T get_timer
33f00950 T get_tbclk
33f00958 T reset_cpu
33f00978 T print_cpuinfo
33f00a00 T _main
33f00a20 t call_board_init_f
33f00a64 t here
33f00ac0 T memset
33f00b9c T memcpy
33f00eb8 W relocate_vectors
33f00ee0 T relocate_code
33f00ef0 t copy_loop
33f00f08 t fixloop
33f00f28 t fixnext
33f00f30 t relocate_done
33f00f48 t boot_prep_linux.isra.0
33f00f68 T arch_lmb_reserve
33f01000 W board_quiesce_devices
33f01004 T do_bootm_linux
33f01100 T boot_prep_vxworks
33f01104 T boot_jump_vxworks
33f01110 T arch_reserve_stacks
33f0112c T interrupt_init
33f01148 T enable_interrupts
33f0114c T disable_interrupts
33f01154 T bad_mode
33f01164 T show_regs
33f01330 T do_undefined_instruction
33f0135c T do_software_interrupt
33f01388 T do_prefetch_abort
33f013b4 T do_data_abort
33f013e0 T do_not_used
33f0140c T do_fiq
33f01438 T do_irq
33f01464 W reset_misc
33f01468 T do_reset
33f0149c W enable_caches
33f014a8 W flush_dcache_range
33f014ac W flush_cache
33f014b4 W flush_dcache_all
33f014c0 W arm_init_before_mmu
33f014c4 W arm_init_domains
33f014c8 T set_section_dcache
33f014dc W dram_bank_mmu_setup
33f01538 T icache_enable
33f01548 T icache_disable
33f0155c T dcache_enable
33f015d8 T dcache_disable
33f015fc T dcache_status
33f0160c T crc16_ccitt
33f01648 T string_to_ip
33f016f4 T string_to_enetaddr
33f01758 T zcalloc
33f01760 T zcfree
33f01768 T inflate_fast
33f01d4c T inflate_table
33f02260 T inflateReset
33f02300 T inflateInit2_
33f02430 T inflateEnd
33f024bc T adler32
33f0280c T inflate
33f03f18 T gzalloc
33f03f28 T gzfree
33f03f30 T gzip_parse_header
33f03fd0 T zunzip
33f040ec T gunzip
33f0413c T qsort
33f04264 T strcmp_compar
33f04270 t _hdelete
33f042d0 t cmpkey
33f042e4 t drop_var_from_set.part.0
33f04348 t match_string
33f043d4 t match_entry
33f04488 T hcreate_r
33f04520 T hdestroy_r
33f0458c T hmatch_r
33f04628 T hsearch_r
33f04b40 T hdelete_r
33f04c70 T hexport_r
33f04f80 T himport_r
33f05454 T hwalk_r
33f054b4 T display_options_get_banner_priv
33f05554 T display_options_get_banner
33f05564 T display_options
33f05598 T print_size
33f056e4 T print_buffer
33f0588c T crc32_no_comp
33f05960 T crc32
33f05974 T crc32_wd
33f05978 W __div64_32
33f05a40 T hang
33f05a5c T kmalloc
33f05a98 T skip_spaces
33f05ac0 T strim
33f05b1c t lmb_overlaps_region
33f05b6c t lmb_add_region
33f05d00 T lmb_add
33f05d04 T lmb_reserve
33f05d0c T __lmb_alloc_base
33f05df4 T lmb_alloc_base
33f05e24 T lmb_alloc
33f05e2c T lmb_get_free_size
33f05eac W board_lmb_reserve
33f05eb0 T lmb_init_and_reserve
33f05f08 T lmb_init_and_reserve_range
33f05f3c t emit
33f05f60 t store_char_in_data
33f05f88 t get_escape_char
33f0600c t relocate
33f0604c t set_jump_offset
33f060a4 t quantifier
33f06128 t match
33f06590 t loop_greedy
33f06624 t loop_non_greedy
33f066a4 t fixup_branch
33f066c8 t compile
33f069ec T slre_compile
33f06aa0 T slre_match
33f06b40 T strcpy
33f06b58 T strncpy
33f06b7c T strcat
33f06bb0 T strcmp
33f06bdc T strncmp
33f06c1c T strchr
33f06c4c T strlen
33f06c70 T strlcpy
33f06cc0 T strnlen
33f06cf0 T strdup
33f06d20 T memmove
33f06d60 T memcmp
33f06da4 T strstr
33f06e04 T udelay
33f06e34 t panic_finish
33f06e64 T panic
33f06e80 T __assert_fail
33f06e94 t put_dec_trunc
33f06f80 t put_dec
33f07134 t number
33f073f8 t string
33f074b0 t vsnprintf_internal
33f07bb4 T vscnprintf
33f07bd8 T snprintf
33f07c00 T vsprintf
33f07c10 T sprintf
33f07c38 T printf
33f07c80 T vprintf
33f07cb8 T str2off
33f07cf8 T str2long
33f07d38 T strmhz
33f07d9c t _parse_integer_fixup_radix
33f07e34 T simple_strtoul
33f07eac T strict_strtoul
33f07f24 T simple_strtol
33f07f44 T ustrtoul
33f07fc4 T simple_strtoull
33f08060 T ustrtoull
33f080f8 T compute_ip_checksum
33f0816c T arp_init
33f081bc T arp_raw_request
33f08290 T arp_request
33f08314 T arp_timeout_check
33f083a8 t bootp_handler
33f088b8 T bootp_reset
33f088fc T bootp_request
33f08c38 t bootp_timeout_handler
33f08ca8 W cpu_eth_init
33f08ca8 t __def_eth_init
33f08cb0 T eth_set_current_to_next
33f08cc8 T eth_set_dev
33f08cd8 T eth_get_dev_by_name
33f08d58 T eth_get_dev_by_index
33f08d90 T eth_get_dev_index
33f08dac T eth_write_hwaddr
33f08f88 t on_ethaddr
33f09030 T eth_initialize
33f091b0 T eth_init
33f0924c T eth_halt
33f09280 T eth_send
33f092bc T eth_rx
33f092dc T eth_env_get_enetaddr_by_index
33f09328 T eth_env_set_enetaddr_by_index
33f09374 T eth_common_init
33f0937c T eth_mac_skip
33f093bc T eth_get_name
33f093dc T eth_current_changed
33f09474 T eth_try_another
33f094f8 T eth_set_current
33f09588 t net_clear_handlers
33f095bc t start_again_timeout_handler
33f095d0 t dummy_handler
33f095d4 t on_ipaddr
33f09604 t on_gatewayip
33f09634 t on_netmask
33f09664 t on_serverip
33f09694 t net_init_loop
33f096bc T net_init
33f0972c T net_start_again
33f09898 T net_set_udp_handler
33f098b8 T net_set_timeout_handler
33f09914 T net_eth_hdr_size
33f09958 T net_set_ether
33f09a24 T net_set_ip_header
33f09af0 T net_set_udp_header
33f09ba0 T net_send_ip_packet
33f09cdc T net_send_udp_packet
33f09d0c T copy_filename
33f09d58 T is_serverip_in_cmd
33f09d78 t net_check_prereq
33f09e80 T net_auto_load
33f09f20 T net_loop
33f0a170 T net_parse_bootfile
33f0a1f0 T ip_to_string
33f0a250 T string_to_vlan
33f0a2a8 t on_nvlan
33f0a2d8 t on_vlan
33f0a308 t rpc_lookup_reply
33f0a420 t nfs_mount_reply
33f0a504 t nfs_umountall_reply
33f0a5d8 t nfs_lookup_reply
33f0a864 t nfs_readlink_reply
33f0a9f0 t basename
33f0aa28 t nfs_read_reply
33f0ac2c t rpc_req
33f0ad6c t nfs_read_req
33f0aeb8 t nfs_readlink_req
33f0afa0 t nfs_mount_req
33f0b080 t nfs_lookup_req
33f0b234 t nfs_umountall_req
33f0b2b8 t nfs_send
33f0b420 t nfs_handler
33f0b6dc t nfs_timeout_handler
33f0b740 T nfs_start
33f0b95c t tftp_send
33f0bb40 t tftp_handler
33f0bf78 t tftp_timeout_handler
33f0c000 T tftp_start
33f0c3a8 T part_init
33f0c430 t mtd_check_oob_ops
33f0c5b4 T mtd_erase
33f0c658 T mtd_read
33f0c77c T mtd_write
33f0c888 T mtd_read_oob
33f0c95c T mtd_write_oob
33f0ca20 T mtd_unlock
33f0caa4 T add_mtd_device
33f0cca8 T mtd_block_isbad
33f0ccfc T mtd_block_markbad
33f0cd64 T get_nand_dev_by_index
33f0cd98 T nand_register
33f0ce28 T nand_size
33f0ce38 T nand_init
33f0ce9c t verify_bbt_descr
33f0d070 t create_bbt
33f0d29c t scan_read
33f0d390 t read_bbt
33f0d580 t write_bbt
33f0db58 t nand_update_bbt
33f0dc80 t mark_bbt_region
33f0de30 t search_bbt
33f0e008 t read_abs_bbt
33f0e0f0 T nand_default_bbt
33f0e6ac T nand_isreserved_bbt
33f0e6f0 T nand_isbad_bbt
33f0e748 T nand_markbad_bbt
33f0e798 t check_skip_len
33f0e83c T nand_erase_opts
33f0eb98 T nand_verify_page_oob
33f0ec58 T nand_verify
33f0ed84 T nand_write_skip_bad
33f0f090 T nand_read_skip_bad
33f0f2d4 T nand_calculate_ecc
33f0f3f8 T nand_correct_data
33f0f51c t nand_release_device
33f0f528 T nand_read_byte
33f0f538 t nand_read_byte16
33f0f548 t nand_read_word
33f0f554 t nand_write_byte
33f0f57c t nand_write_byte16
33f0f5a4 T nand_write_buf
33f0f5c4 T nand_read_buf
33f0f5e8 T nand_write_buf16
33f0f610 T nand_read_buf16
33f0f638 t nand_setup_data_interface
33f0f6c0 t nand_read_page_swecc
33f0f804 t nand_write_page_swecc
33f0f8d4 t nand_sync
33f0f8e0 t nand_onfi_set_features
33f0f94c t nand_onfi_get_features
33f0f9a0 t nand_set_defaults
33f0fb3c t nand_check_erased_buf
33f0fc88 t nand_block_bad
33f0fdf0 t nand_block_checkbad
33f0fe64 t nand_block_isbad
33f0fee4 t sanitize_string
33f0ff18 t nand_block_isreserved
33f0ff2c t nand_fill_oob
33f10044 t nand_select_chip
33f10090 t nand_transfer_oob
33f10194 T nand_wait_ready
33f101f0 T nand_read_page_op
33f1027c t nand_read_oob
33f10a0c T nand_change_read_column_op
33f10a9c T nand_read_oob_op
33f10b20 t nand_read_oob_std
33f10b4c T nand_prog_page_begin_op
33f10c00 T nand_prog_page_end_op
33f10c40 t nand_write_page
33f10d64 T nand_prog_page_op
33f10e08 t nand_write_oob_std
33f10e34 T nand_change_write_column_op
33f10ec4 T nand_readid_op
33f10f38 T nand_status_op
33f10f98 t nand_check_wp
33f10fcc t nand_do_write_ops
33f11358 T nand_erase_op
33f113c8 t single_erase
33f113dc T nand_reset_op
33f11400 T nand_read_data_op
33f11468 t nand_wait
33f11574 t nand_read_oob_syndrome
33f116b8 t nand_read_page_raw_syndrome
33f117ac t nand_read_page_raw
33f117f8 t panic_nand_write
33f118d4 t nand_wait_status_ready.constprop.15
33f11928 t nand_command
33f11b28 t nand_command_lp
33f11dac T nand_write_data_op
33f11e14 t nand_write_oob_syndrome
33f11fac t nand_write_page_raw_syndrome
33f120a0 t nand_write_page_syndrome
33f121bc t nand_write_subpage_hwecc
33f12360 t nand_write_page_raw
33f123c4 t nand_write_page_hwecc
33f124b8 T nand_reset
33f12580 t nand_do_write_oob
33f12748 t nand_default_block_markbad
33f1281c t nand_write_oob
33f128d0 T nand_check_erased_ecc_chunk
33f12980 t nand_read_page_syndrome
33f12b7c t nand_read_subpage
33f12e44 t nand_read_page_hwecc
33f12ffc t nand_read_page_hwecc_oob_first
33f131a8 T nand_erase_nand
33f13458 t nand_block_markbad
33f13548 t nand_erase
33f13550 T nand_get_flash_type
33f14120 T nand_scan_ident
33f1433c T nand_scan_tail
33f149c4 T nand_scan
33f149e8 T onfi_init_data_interface
33f14aa0 T nand_get_default_data_interface
33f14aac t s3c24x0_hwcontrol
33f14b04 t s3c24x0_dev_ready
33f14b14 T s3c24x0_nand_enable_hwecc
33f14b4c t s3c24x0_nand_correct_data
33f14bac t s3c24x0_nand_calculate_ecc
33f14c2c t s3c2440_nand_select_chip
33f14c90 T board_nand_init
33f14d48 t mmc_set_ios
33f14d64 t mmc_set_capacity
33f14e28 W board_mmc_getcd
33f14e30 T mmc_send_cmd
33f14e40 t mmc_send_ext_csd
33f14e8c t mmc_read_and_compare_ext_csd
33f14f34 t mmc_go_idle
33f14f7c t mmc_send_op_cond_iter
33f14ff4 T mmc_send_status
33f15058 t __mmc_switch.constprop.13
33f15148 t mmc_set_card_speed.constprop.12
33f151f0 T mmc_switch
33f151f4 t mmc_startup_v4
33f15574 T mmc_switch_part
33f155e8 T mmc_getcd
33f15620 T mmc_set_clock
33f15688 t mmc_startup
33f163cc W board_mmc_power_init
33f163d0 T mmc_get_op_cond
33f16658 T mmc_start_init
33f166c4 T mmc_init
33f167c8 W cpu_mmc_init
33f167d0 W board_mmc_init
33f167d8 T mmc_initialize
33f16830 T find_mmc_device
33f16880 t mmc_select_hwpartp
33f168d4 t mmc_get_dev
33f16904 T mmc_get_blk_desc
33f1690c T mmc_do_preinit
33f16940 T mmc_list_init
33f16964 T print_mmc_devices
33f16a18 t serial_stub_start
33f16a24 t serial_stub_stop
33f16a30 t serial_stub_putc
33f16a40 t serial_stub_puts
33f16a50 t serial_stub_getc
33f16a5c t serial_stub_tstc
33f16a68 t get_current
33f16aa8 W atmel_serial_initialize
33f16aa8 W mcf_serial_initialize
33f16aa8 W mpc85xx_serial_initialize
33f16aa8 W mtk_serial_initialize
33f16aa8 W mxc_serial_initialize
33f16aa8 W ns16550_serial_initialize
33f16aa8 W pl01x_serial_initialize
33f16aa8 W pxa_serial_initialize
33f16aa8 W sh_serial_initialize
33f16aa8 t serial_null
33f16aac T serial_register
33f16ac4 T serial_stdio_init
33f16b68 T serial_assign
33f16bb4 T serial_initialize
33f16bec T serial_init
33f16c0c T serial_setbrg
33f16c20 t on_baudrate
33f16d14 T serial_getc
33f16d28 T serial_tstc
33f16d3c T serial_putc
33f16d58 T serial_puts
33f16d74 T s3serial1_tstc
33f16d88 T s3serial2_getc
33f16da8 t _serial_setbrg
33f16dd0 T s3serial0_setbrg
33f16dd8 T s3serial1_setbrg
33f16de0 T s3serial2_setbrg
33f16de8 T s3serial1_init
33f16e28 t _serial_putc
33f16e50 T s3serial0_putc
33f16e58 T s3serial1_putc
33f16e60 T s3serial2_putc
33f16e68 t _serial_puts
33f16e8c T s3serial0_puts
33f16e94 T s3serial1_puts
33f16e9c T s3serial2_puts
33f16ea4 T s3serial2_tstc
33f16eb8 T s3serial0_tstc
33f16ec8 T s3serial0_getc
33f16ee4 T s3serial1_getc
33f16f04 T s3serial2_init
33f16f44 T s3serial0_init
33f16f80 W default_serial_console
33f16f8c T s3c24xx_serial_initialize
33f16fb8 W do_go_exec
33f16fc8 t do_go
33f17034 T do_bootm
33f17140 T do_bootd
33f17160 t image_info
33f1724c t do_iminfo
33f1729c T bootm_maybe_autostart
33f17314 t do_help
33f17358 t do_version
33f17398 T source
33f174c4 t do_source
33f1752c t print_num
33f17544 t do_bdinfo
33f1770c t do_coninfo
33f177b8 t do_echo
33f17864 t load_elf_image_phdr
33f179d4 T valid_elf_image
33f17a20 T do_bootelf
33f17dcc T do_bootvx
33f18100 t do_flinfo
33f18108 t do_protect
33f18118 t do_flerase
33f18120 t evalexp
33f1819c t evalstr
33f181fc t binary_test
33f183bc t do_itest
33f18444 t bin_data_init
33f18470 t k_data_save
33f184bc t k_data_restore
33f18508 t getcxmodem
33f18524 t load_serial_ymodem
33f185f0 t bin_data_char
33f1861c t chk1.constprop.2
33f1864c t s1_sendpacket.constprop.3
33f18698 t load_serial
33f18874 t do_load_serial
33f1894c t do_load_serial_bin
33f190fc t do_mem_mw
33f191b8 t do_mem_loop
33f192a4 t do_mem_md
33f1938c t do_mem_cmp
33f194e0 t do_mem_base
33f19520 t do_mem_cp
33f195c8 t do_mem_crc
33f19610 t mod_mem.isra.0
33f19780 t do_mem_mm
33f19788 t do_mem_nm
33f19790 t do_sleep
33f19860 T mtd_arg_off
33f198cc T mtd_arg_off_size
33f199ec t set_dev
33f19a48 t do_nandboot
33f19d58 t nand_print_and_set_info.constprop.0
33f19e3c t do_nand
33f1aac0 t netboot_common
33f1ad70 t do_bootp
33f1ad7c t do_nfs
33f1ad88 T do_tftpb
33f1adc8 t do_imgextract
33f1b07c t do_env_delete
33f1b148 t do_env_exists
33f1b1ac t do_env
33f1b214 t env_print
33f1b2d8 t do_env_print
33f1b394 t do_env_import
33f1b658 t do_env_default
33f1b73c t _do_env_set.isra.0
33f1b918 t do_env_set
33f1b934 T env_get_id
33f1b944 T env_set
33f1b9a4 T env_set_hex
33f1b9d8 t do_env_export
33f1bc00 T env_match
33f1bc6c T env_get_f
33f1bd50 T env_get
33f1bdc8 T eth_env_get_enetaddr
33f1be24 T eth_env_set_enetaddr
33f1be70 T env_get_ulong
33f1be9c t do_env_edit.part.3
33f1bf3c t do_env_edit
33f1bf68 T board_init_f_alloc_reserve
33f1bf74 T board_init_f_init_reserve
33f1bf80 W show_boot_progress
33f1bf88 T main_loop
33f1bfb0 t mdelay
33f1bfbc t dummy
33f1bfc0 T get_version
33f1bfc8 T jumptable_init
33f1c1a0 T hash_command
33f1c250 T bootdelay_process
33f1c2a8 T autoboot_command
33f1c3c4 t log_init
33f1c3cc t log_init
33f1c3d4 t setup_mon_len
33f1c3f4 t setup_spl_handoff
33f1c3fc W arch_cpu_init
33f1c404 t reserve_round_4k
33f1c41c W dram_init_banksize
33f1c440 W reserve_mmu
33f1c498 t display_new_sp
33f1c4b4 t reserve_fdt
33f1c538 t reserve_global_data
33f1c56c t reserve_malloc
33f1c5a0 t reserve_uboot
33f1c5f4 t display_text_info
33f1c624 t setup_reloc
33f1c694 t reloc_fdt
33f1c6d8 t reserve_board
33f1c72c t announce_dram_init
33f1c744 t init_baud_rate
33f1c770 t initf_bootstage
33f1c784 W arch_cpu_init_dm
33f1c78c W mach_cpu_init
33f1c794 t reserve_video
33f1c79c t reserve_trace
33f1c7a4 t setup_machine
33f1c7ac t reserve_bootstage
33f1c7b4 t reserve_bloblist
33f1c7bc t reloc_bootstage
33f1c7c4 t reloc_bloblist
33f1c7cc t initf_console_record
33f1c7d4 t initf_dm
33f1c7dc W reserve_arch
33f1c7e4 W coloured_LED_init
33f1c7e8 W red_led_on
33f1c7ec W board_add_ram_info
33f1c7f0 t show_dram_config
33f1c8ac W board_get_usable_ram_top
33f1c8c0 t setup_dest_addr
33f1c92c t reserve_stacks
33f1c948 T board_init_f
33f1c9b8 t initr_trace
33f1c9c0 t initr_reloc
33f1c9d8 t initr_reloc_global_data
33f1ca00 t run_main_loop
33f1ca0c t initr_net
33f1ca28 t initr_ethaddr
33f1ca48 t initr_enable_interrupts
33f1ca58 t initr_jumptable
33f1ca68 t initr_env
33f1ca98 t initr_mmc
33f1cab8 t initr_nand
33f1cae8 t initr_announce
33f1cb04 t initr_serial
33f1cb14 t initr_bootstage
33f1cb28 t initr_malloc
33f1cb4c t initr_caches
33f1cb5c W power_init_board
33f1cb64 t initr_barrier
33f1cb6c t initr_console_record
33f1cb74 W cpu_secondary_init_r
33f1cb78 t initr_secondary_cpu
33f1cb88 T board_init_r
33f1cbe8 W checkboard
33f1cbf0 W show_board_info
33f1cbf4 T bootm_find_images
33f1cc40 T do_bootm_states
33f1d46c T do_bootm_vxworks
33f1d5a0 t copy_args
33f1d5ec t do_bootm_rtems
33f1d630 t do_bootm_plan9
33f1d6d8 t do_bootm_standalone
33f1d740 t do_bootm_qnxelf
33f1d7b0 t do_bootm_netbsd
33f1d8ac W arch_preboot_os
33f1d8b0 W board_preboot_os
33f1d8b4 T boot_selected_os
33f1d920 T bootm_os_get_boot_func
33f1d930 t delete_char.part.0
33f1da00 t cread_add_char
33f1dadc T cli_readline_into_buffer
33f1e4e8 T cli_readline
33f1e4fc T cli_simple_parse_line
33f1e588 T cli_simple_process_macros
33f1e788 T cli_simple_run_command
33f1e8d8 T cli_simple_loop
33f1e95c T cli_simple_run_command_list
33f1e9e4 t console_setfile
33f1eaa0 t fgetc.part.0
33f1ead8 T getc
33f1eaf8 T ftstc
33f1eb18 T tstc
33f1eb38 T fputc
33f1eb54 T putc
33f1eb80 T fputs
33f1eb9c T puts
33f1ebc8 T fprintf
33f1ec18 T ctrlc
33f1ec70 T confirm_yesno
33f1ed3c T had_ctrlc
33f1ed4c T clear_ctrlc
33f1ed60 T search_device
33f1ed88 T console_assign
33f1edc8 t on_console
33f1ee7c T console_init_f
33f1ee8c T stdio_print_current_devices
33f1ef3c T console_init_r
33f1f014 t do_check_chunk
33f1f0ec t do_check_free_chunk
33f1f284 t do_check_inuse_chunk
33f1f3a0 t do_check_malloced_chunk
33f1f488 T sbrk
33f1f4f0 T mem_malloc_init
33f1f544 T malloc_trim
33f1f628 T free
33f1f860 T malloc
33f1fea0 T calloc
33f1ff6c T memalign
33f20120 T initf_malloc
33f20128 t on_loadaddr
33f20168 T image_check_hcrc
33f201d0 T image_check_dcrc
33f20240 T image_multi_count
33f2025c T image_multi_getimg
33f20314 T env_get_bootm_low
33f20340 T env_get_bootm_size
33f203a4 T env_get_bootm_mapsize
33f203d4 T memmove_wd
33f203e0 T genimg_print_size
33f20410 T get_table_entry
33f20434 T get_table_entry_name
33f20454 T genimg_get_os_name
33f2046c T genimg_get_arch_name
33f20484 T genimg_get_type_name
33f2049c T image_decomp
33f2057c T genimg_get_comp_name
33f20594 T image_print_contents
33f207c8 T genimg_get_kernel_addr_fit
33f20818 T genimg_get_format
33f20854 T boot_get_ramdisk
33f20b20 T boot_ramdisk_high
33f20c8c T boot_get_setup
33f20c94 W get_effective_memsize
33f20c9c t stdio_serial_tstc
33f20ca0 t stdio_serial_getc
33f20ca4 t stdio_serial_puts
33f20cac t stdio_serial_putc
33f20cb4 T stdio_get_list
33f20cc0 T stdio_get_by_name
33f20d0c T stdio_clone
33f20d40 T stdio_register_dev
33f20d90 T stdio_register
33f20d98 T stdio_init_tables
33f20db4 T stdio_add_devices
33f20e2c T run_command
33f20e44 T run_command_repeatable
33f20e48 T run_command_list
33f20ed8 T do_run
33f20f4c T cli_loop
33f20f60 T cli_init
33f20f64 T find_cmd_tbl
33f21008 T find_cmd
33f21030 T cmd_usage
33f2108c T _do_help
33f2120c T var_complete
33f212a8 T complete_subcmdv
33f21458 T cmd_auto_complete
33f21848 T cmd_get_data_size
33f21898 T cmd_always_repeatable
33f218b4 T cmd_never_repeatable
33f218d0 T cmd_process
33f21a58 t hex1_bin
33f21a98 t hex2_bin
33f21ad0 T srec_decode
33f21d1c t zm_save
33f21d38 t zm_dprintf
33f21d78 t zm_dump
33f21d88 t CYGACC_COMM_IF_GETC_TIMEOUT.isra.1
33f21dd4 t xyzModem_flush
33f21df0 t xyzModem_get_hdr
33f22114 T xyzModem_stream_open
33f22350 T xyzModem_stream_read
33f22604 T xyzModem_stream_close
33f2266c T xyzModem_stream_terminate
33f22740 T xyzModem_error
33f2275c T env_get_yesno
33f22798 T env_get_default
33f227c8 T env_set_default
33f2286c T env_set_default_vars
33f228a8 T env_relocate
33f228bc T env_complete
33f22a70 W env_get_location
33f22a88 t env_driver_lookup
33f22ae0 W env_get_char_spec
33f22aec T env_get_char
33f22b08 T env_load
33f22bdc T env_init
33f22c8c t regex_callback
33f22dcc T env_attr_walk
33f22ef0 T env_attr_lookup
33f22f70 t clear_callback
33f22f80 t find_env_callback
33f22fdc t on_callbacks
33f2302c t set_callback
33f230c8 T env_callback_init
33f2318c t skip_num
33f231f8 t clear_flags
33f23208 t on_flags
33f23258 T env_flags_parse_vartype
33f232a8 T env_flags_parse_varaccess
33f232f8 t set_flags
33f233a8 T eth_validate_ethaddr_str
33f2343c T env_flags_init
33f23514 T env_flags_validate
33f2379c t env_nowhere_init
33f237b4 T __aeabi_uidiv
33f237b4 T __udivsi3
33f2389c T __aeabi_idiv
33f2389c T __divsi3
33f239b4 T __aeabi_uidivmod
33f239cc T __aeabi_idivmod
33f239e4 t Ldiv0
33f239f4 T __div0
33f239f8 r onfi_sdr_timings
33f23ed0 r CSWTCH.49
33f23ef0 r boot_os
33f23f50 r crc_table
33f24350 r env_flags_varaccess_mask
33f24360 r ext_csd_bus_width
33f2439c r fbase
33f243ac r freq_f
33f243b8 r freqs.9865
33f243f0 r init_sequence_f
33f244a4 r mmc_modes_by_pref
33f244c4 r mmc_versions.10258
33f244e8 r op_table
33f24550 r sd_au_size.10128
33f24590 r sd_modes_by_pref
33f245a0 r uimage_arch
33f246e4 r uimage_comp
33f24738 r uimage_os
33f247d4 r uimage_type
33f249b4 r crc16_tab
33f24bb4 r dbase.8676
33f24bf4 r dext.8677
33f24c34 r distfix
33f24cb4 r lbase.8674
33f24cf2 r lenfix
33f254f2 r lext.8675
33f25530 r order.8770
33f25560 r CSWTCH.76
33f25576 r __FUNCTION__.10827
33f2558e r __FUNCTION__.11317
33f255a2 r __FUNCTION__.11362
33f255da r __func__.10295
33f255e9 r __func__.10449
33f255f4 r __func__.10526
33f25605 r __func__.10592
33f25616 r __func__.10610
33f25621 r __func__.10752
33f2562b r __func__.10868
33f2563a r __func__.11027
33f25653 r __func__.11163
33f25665 r __func__.11458
33f25673 r __func__.11731
33f25687 r __func__.11870
33f25696 r __func__.8320
33f256a6 r __func__.8447
33f256ba r __func__.8452
33f256cc r __func__.8453
33f256d6 r __func__.8455
33f256dc r __func__.8478
33f256e2 r __func__.8486
33f256eb r __func__.8505
33f256f4 r __func__.8520
33f25705 r __func__.8525
33f25714 r __func__.8529
33f25724 r __func__.8531
33f25738 r __func__.8535
33f2574c r __func__.8536
33f25761 r __func__.8541
33f25772 r __func__.8544
33f2578a r __func__.8558
33f2579c r __func__.8563
33f257af r __func__.8572
33f257be r __func__.8586
33f257ca r __func__.8598
33f257d4 r __func__.8658
33f257dd r __func__.8713
33f257f0 r __func__.9784
33f2581a R _ctype
33f26228 R default_environment
33f26246 r digits.9945
33f279c7 r env_flags_varaccess_rep
33f279cc r env_flags_vartype_rep
33f27b1e r erase_seq
33f27d2b r freq_c
33f27f06 R hex_asc
33f28bbe r multipliers
33f28bce r names.8560
33f28c68 r nand_ecc_precalc_table
33f2934f R net_bcast_ethaddr
33f2c0db r tab_seq
33f2c3d0 V version_string
33f2c60c d first_call.8628
33f2c610 D net_native_vlan
33f2c612 D net_our_vlan
33f2c614 d nfs_offset
33f2c618 d supported_nfs_versions
33f2c61a d tftp_block_size
33f2c61c d tftp_block_size_option
33f2c620 D tftp_timeout_count_max
33f2c624 d timeout_count_max
33f2c628 d timeout_ms
33f2c62c D nand_curr_device
33f2c630 d bbt_main_descr
33f2c654 d bbt_main_no_oob_descr
33f2c678 d bbt_mirror_descr
33f2c69c d bbt_mirror_no_oob_descr
33f2c6c0 d bbt_pattern
33f2c6c4 d mirror_pattern
33f2c6c8 d scan_ff_pattern
33f2c6cc D nand_flash_ids
33f2d464 d nand_oob_128
33f2e00c d nand_oob_16
33f2ebb4 d nand_oob_64
33f2f75c d nand_oob_8
33f30304 d cur_dev_num
33f30308 D s3c24xx_serial0_device
33f30338 D s3c24xx_serial1_device
33f30368 D s3c24xx_serial2_device
33f30398 d bootm_help_text
33f305e0 d cmd_bootm_sub
33f306c0 d source_help_text
33f30710 d do_echo
33f30714 d dp_last_length
33f30718 d nand_help_text
33f30b06 d imgextract_help_text
33f30b5c d cmd_env_sub
33f30c58 d env_help_text
33f30e98 d env_id
33f30e9c d init_sequence_r
33f30f04 d hist_cur
33f30f08 d av_
33f31310 d sbrk_base
33f31314 d trim_threshold
33f31318 D load_addr
33f3131c D stdio_names
33f31328 d zm_out
33f3132c D env_htab
33f3133c d first_call
33f31340 d first_call
33f31344 D _u_boot_list_2_blk_driver_2_mmc
33f31344 d start.8474
33f31344 d start.8478
33f31344 d start.8493
33f31344 d start.8497
33f3135c D _u_boot_list_2_cmd_2_base
33f3135c d end.8481
33f3135c d end.8500
33f3135c d start.8276
33f3135c d start.8280
33f3135c d start.8351
33f3135c d start.8355
33f3135c d start.8410
33f3135c d start.8413
33f31378 D _u_boot_list_2_cmd_2_bdinfo
33f31394 D _u_boot_list_2_cmd_2_boot
33f313b0 D _u_boot_list_2_cmd_2_bootd
33f313cc D _u_boot_list_2_cmd_2_bootelf
33f313e8 D _u_boot_list_2_cmd_2_bootm
33f31404 D _u_boot_list_2_cmd_2_bootp
33f31420 D _u_boot_list_2_cmd_2_bootvx
33f3143c D _u_boot_list_2_cmd_2_cmp
33f31458 D _u_boot_list_2_cmd_2_coninfo
33f31474 D _u_boot_list_2_cmd_2_cp
33f31490 D _u_boot_list_2_cmd_2_crc32
33f314ac D _u_boot_list_2_cmd_2_echo
33f314c8 D _u_boot_list_2_cmd_2_editenv
33f314e4 D _u_boot_list_2_cmd_2_env
33f31500 D _u_boot_list_2_cmd_2_erase
33f3151c D _u_boot_list_2_cmd_2_flinfo
33f31538 D _u_boot_list_2_cmd_2_go
33f31554 D _u_boot_list_2_cmd_2_help
33f31570 D _u_boot_list_2_cmd_2_iminfo
33f3158c D _u_boot_list_2_cmd_2_imxtract
33f315a8 D _u_boot_list_2_cmd_2_itest
33f315c4 D _u_boot_list_2_cmd_2_loadb
33f315e0 D _u_boot_list_2_cmd_2_loads
33f315fc D _u_boot_list_2_cmd_2_loadx
33f31618 D _u_boot_list_2_cmd_2_loady
33f31634 D _u_boot_list_2_cmd_2_loop
33f31650 D _u_boot_list_2_cmd_2_md
33f3166c D _u_boot_list_2_cmd_2_mm
33f31688 D _u_boot_list_2_cmd_2_mw
33f316a4 D _u_boot_list_2_cmd_2_nand
33f316c0 D _u_boot_list_2_cmd_2_nboot
33f316dc D _u_boot_list_2_cmd_2_nfs
33f316f8 D _u_boot_list_2_cmd_2_nm
33f31714 D _u_boot_list_2_cmd_2_printenv
33f31730 D _u_boot_list_2_cmd_2_protect
33f3174c D _u_boot_list_2_cmd_2_question_mark
33f31768 D _u_boot_list_2_cmd_2_reset
33f31784 D _u_boot_list_2_cmd_2_run
33f317a0 D _u_boot_list_2_cmd_2_setenv
33f317bc D _u_boot_list_2_cmd_2_sleep
33f317d8 D _u_boot_list_2_cmd_2_source
33f317f4 D _u_boot_list_2_cmd_2_tftpboot
33f31810 D _u_boot_list_2_cmd_2_version
33f3182c D _u_boot_list_2_env_clbk_2_baudrate
33f3182c d end.8283
33f3182c d end.8358
33f3182c d end.8416
33f3182c d start.8418
33f3182c d start.8425
33f31834 D _u_boot_list_2_env_clbk_2_callbacks
33f3183c D _u_boot_list_2_env_clbk_2_console
33f31844 D _u_boot_list_2_env_clbk_2_ethaddr
33f3184c D _u_boot_list_2_env_clbk_2_flags
33f31854 D _u_boot_list_2_env_clbk_2_gatewayip
33f3185c D _u_boot_list_2_env_clbk_2_ipaddr
33f31864 D _u_boot_list_2_env_clbk_2_loadaddr
33f3186c D _u_boot_list_2_env_clbk_2_netmask
33f31874 D _u_boot_list_2_env_clbk_2_nvlan
33f3187c D _u_boot_list_2_env_clbk_2_serverip
33f31884 D _u_boot_list_2_env_clbk_2_vlan
33f3188c D _u_boot_list_2_env_driver_2_nowhere
33f3188c d end.8421
33f3188c d start.8418
33f3188c d start.8426
33f318a4 B __bss_base
33f318a4 B __bss_start
33f318a4 B z_verbose
33f318a4 D __image_copy_end
33f318a4 D __rel_dyn_end
33f318a4 D __rel_dyn_start
33f318a4 D _end
33f318a4 D _image_binary_end
33f318a4 d end.8374
33f318a4 d end.8421
33f318a4 d end.8447
33f318a4 d start.8367
33f318a4 d start.8371
33f318a4 d start.8440
33f318a4 d start.8444
33f318a8 B errno
33f318ac B arp_tx_packet
33f318b0 b arp_tx_packet_buf
33f31ed0 B arp_wait_packet_ethaddr
33f31ed4 B arp_wait_timer_start
33f31ed8 B arp_wait_try
33f31edc B arp_wait_tx_packet_size
33f31ee0 B net_arp_wait_packet_ip
33f31ee4 b net_arp_wait_reply_ip
33f31ee8 B bootp_ids
33f31ef8 B bootp_num_ids
33f31efc B bootp_start
33f31f00 B bootp_timeout
33f31f04 B bootp_try
33f31f08 B net_hostname
33f31f28 B net_nis_domain
33f31f48 B net_root_path
33f31f88 b time_taken_max
33f31f8c B eth_current
33f31f90 b eth_devices
33f31f94 b act.9838
33f31f98 b env_changed_id.9839
33f31f9c b first_failed.9833
33f31fa0 b arp_packet_handler
33f31fa4 B net_boot_file_expected_size_in_blocks
33f31fa8 B net_boot_file_name
33f323a8 B net_boot_file_name_explicit
33f323ac B net_boot_file_size
33f323b0 b net_dev_exists
33f323b4 B net_dns_server
33f323b8 B net_ethaddr
33f323c0 B net_gateway
33f323c4 B net_ip
33f323c8 b net_ip_id
33f323cc B net_netmask
33f323d0 B net_null_ethaddr
33f323d6 b net_pkt_buf
33f341f8 B net_restart_wrap
33f341fc b net_restarted
33f34200 B net_rx_packet
33f34204 B net_rx_packets
33f34214 B net_server_ethaddr
33f3421c B net_server_ip
33f34220 B net_state
33f34224 b net_try_count
33f34228 B net_tx_packet
33f3422c b time_delta
33f34230 b time_handler
33f34234 b time_start
33f34238 b time_start
33f3423c b udp_packet_handler
33f34240 b dirfh
33f34260 b filefh
33f342a0 b filefh3_length
33f342a4 b fs_mounted
33f342a8 b nfs_download_state
33f342ac b nfs_filename
33f342b0 b nfs_len
33f342b4 b nfs_our_port
33f342b8 b nfs_path
33f342bc b nfs_path_buff
33f34abc b nfs_server_ip
33f34ac0 b nfs_server_mount_port
33f34ac4 b nfs_server_port
33f34ac8 b nfs_state
33f34acc b nfs_timeout_count
33f34ad0 b rpc_id
33f34ad4 b default_filename
33f34ae4 b tftp_block_wrap
33f34ae8 b tftp_block_wrap_offset
33f34aec b tftp_cur_block
33f34af0 b tftp_filename
33f34b70 b tftp_load_addr
33f34b74 b tftp_load_size
33f34b78 b tftp_our_port
33f34b7c b tftp_prev_block
33f34b80 b tftp_remote_ip
33f34b84 b tftp_remote_port
33f34b88 b tftp_state
33f34b8c b timeout_count
33f34b90 b mtd_idr
33f34d94 b dev_name
33f34d9c b initialized.10435
33f34da0 b nand_chip
33f352d8 b nand_info
33f352dc b total_nand_size
33f352e0 b initialized.10362
33f352e4 b mmc_devices
33f352ec b serial_current
33f352f0 b serial_devices
33f352f4 b a_b
33f3530c b bin_start_address
33f35310 b his_eol
33f35311 b his_pad_char
33f35314 b his_pad_count
33f35318 b his_quote
33f3531c b k_data_escape
33f35320 b k_data_escape_saved
33f35324 b os_data_addr
33f35328 b os_data_addr_saved
33f3532c b os_data_char
33f35330 b os_data_init
33f35334 b os_data_state
33f35338 b os_data_state_saved
33f3533c b send_parms
33f35350 b send_ptr
33f35354 b base_address
33f35358 b dp_last_addr
33f3535c b dp_last_size
33f35360 b mm_last_addr
33f35364 b mm_last_size
33f35368 b last.10579
33f35370 b stored_bootdelay
33f35374 B monitor_flash_len
33f35378 B images
33f354a8 B console_buffer
33f355ac b hist_add_idx
33f355b0 b hist_lines
33f369c4 b hist_list
33f36a14 b hist_max
33f36a18 b hist_num
33f36a1c b initted.8481
33f36a20 b lastcommand.8411
33f36b24 b ctrlc_disabled
33f36b28 b ctrlc_was_pressed
33f36b2c b current_mallinfo
33f36b54 b max_sbrked_mem
33f36b58 b max_total_mem
33f36b5c B mem_malloc_brk
33f36b60 B mem_malloc_end
33f36b64 B mem_malloc_start
33f36b68 b top_pad
33f36b6c b devs
33f36bb8 B stdio_devices
33f36bc4 b env_complete_buf
33f36dc4 b tmp_buf
33f36ec8 b xyz
33f372fc b zm_bp
33f37300 b zm_buf
33f37b00 b zm_debug_buf
33f39b00 b callback_list
33f39b04 b flags_list
33f39b08 B __bss_end
33f39b08 B __bss_limit
