mmc.c:1540:12:mmc_set_ios	0	static
mmc.c:945:12:mmc_set_capacity	32	static
mmc.c:39:12:board_mmc_getwp	0	static
mmc.c:44:5:mmc_getwp	8	static
mmc.c:60:12:board_mmc_getcd	0	static
mmc.c:135:13:mmc_mode_name	0	static
mmc.c:199:5:mmc_send_cmd	0	static
mmc.c:727:12:mmc_send_ext_csd	56	static
mmc.c:1791:12:mmc_read_and_compare_ext_csd	560	static
mmc.c:475:12:mmc_go_idle	40	static
mmc.c:638:12:mmc_send_op_cond_iter	40	static
mmc.c:211:5:mmc_send_status	48	static
mmc.c:748:12:__mmc_switch.constprop	56	static
mmc.c:820:12:mmc_set_card_speed.constprop	560	static
mmc.c:233:5:mmc_poll_for_busy	24	static
mmc.c:275:5:mmc_set_blocklen	48	static
mmc.c:421:7:mmc_bread	80	static
mmc.c:814:5:mmc_switch	0	static
mmc.c:2161:12:mmc_startup_v4	592	static
mmc.c:973:5:mmc_switch_part	32	static
mmc.c:998:5:mmc_hwpart_config	608	static
mmc.c:1194:5:mmc_getcd	8	static
mmc.c:1561:5:mmc_set_clock	8	static
mmc.c:2367:12:mmc_startup	352	static
mmc.c:1592:6:mmc_dump_capabilities	0	static
mmc.c:2638:13:board_mmc_power_init	0	static
mmc.c:2741:5:mmc_get_op_cond	56	static
mmc.c:2824:5:mmc_start_init	8	static
mmc.c:2878:5:mmc_init	16	static
mmc.c:2929:5:mmc_set_dsr	0	static
mmc.c:2936:12:cpu_mmc_init	0	static
mmc.c:2942:12:board_mmc_init	0	static
mmc.c:2947:6:mmc_set_preinit	0	static
mmc.c:2991:5:mmc_initialize	8	static
