lmb.c:275:13:lmb_overlaps_region	8	static
lmb.c:142:13:lmb_add_region	32	static
lmb.c:14:6:lmb_dump_all	24	static
lmb.c:93:6:lmb_init	0	static
lmb.c:212:6:lmb_add	0	static
lmb.c:219:6:lmb_free	28	static
lmb.c:268:6:lmb_reserve	0	static
lmb.c:313:13:__lmb_alloc_base	40	static
lmb.c:295:13:lmb_alloc_base	16	static
lmb.c:290:13:lmb_alloc	0	static
lmb.c:358:13:lmb_alloc_addr	16	static
lmb.c:381:13:lmb_get_free_size	16	static
lmb.c:407:5:lmb_is_reserved	8	static
lmb.c:420:13:board_lmb_reserve	0	static
lmb.c:425:13:arch_lmb_reserve	0	static
lmb.c:111:6:lmb_init_and_reserve	16	static
lmb.c:133:6:lmb_init_and_reserve_range	8	static
