nvedit.c:849:12:do_env_delete	24	static
nvedit.c:1281:12:do_env_exists	48	static
nvedit.c:1350:12:do_env	24	static
nvedit.c:92:12:env_print	56	static
nvedit.c:123:12:do_env_print	24	static
nvedit.c:1063:12:do_env_import	64	static
nvedit.c:811:12:do_env_default	24	static
nvedit.c:225:12:_do_env_set.isra.0	72	static
nvedit.c:381:12:do_env_set	0	static
nvedit.c:81:5:env_get_id	0	static
nvedit.c:303:5:env_set	24	static
nvedit.c:324:5:env_set_ulong	8	static
nvedit.c:339:5:env_set_hex	32	static
nvedit.c:930:12:do_env_export	96	static
nvedit.c:795:5:env_match	24	static
nvedit.c:705:5:env_get_f	32	static
nvedit.c:663:7:env_get	48	static
nvedit.c:347:7:env_get_hex	24	static
nvedit.c:362:5:eth_env_get_enetaddr	8	static
nvedit.c:368:5:eth_env_set_enetaddr	40	static
nvedit.c:690:7:from_env	16	static
nvedit.c:754:7:env_get_ulong	16	static
nvedit.c:621:12:do_env_edit.part.3	288	static
nvedit.c:621:12:do_env_edit	0	static
