part.c:27:28:part_driver_lookup_type	16	static
part.c:56:25:get_dev_hwpart	24	static
part.c:77:18:blk_get_dev	0	static
part.c:120:6:dev_print	56	static
part.c:230:6:part_init	32	static
part.c:300:6:part_print	8	static
part.c:319:5:part_get_info	16	static
part.c:353:5:part_get_info_whole_disk	16	static
part.c:371:5:blk_get_device_by_str	40	static
part.c:431:5:blk_get_device_part_str	120	static
part.c:647:5:part_get_info_by_name_type	32	static
part.c:672:5:part_get_info_by_name	0	static
part.c:724:5:part_get_info_by_dev_and_name_or_num	48	static
part.c:746:6:part_set_generic_name	16	static
