log.h:438:19:log_init	0	static
board_f.c:269:12:setup_mon_len	0	static
board_f.c:286:12:setup_spl_handoff	0	static
board_f.c:297:12:arch_cpu_init	0	static
board_f.c:380:12:reserve_round_4k	0	static
board_f.c:238:12:dram_init_banksize	8	static
board_f.c:387:12:reserve_mmu	8	static
board_f.c:606:12:display_new_sp	8	static
board_f.c:542:12:reserve_fdt	8	static
board_f.c:533:12:reserve_global_data	8	static
board_f.c:500:12:reserve_malloc	8	static
board_f.c:450:12:reserve_uboot	8	static
board_f.c:132:12:display_text_info	8	static
board_f.c:731:12:setup_reloc	8	static
board_f.c:680:12:reloc_fdt	8	static
board_f.c:513:12:reserve_board	8	static
board_f.c:204:12:announce_dram_init	8	static
board_f.c:126:12:init_baud_rate	8	static
board_f.c:802:12:initf_bootstage	8	static
board_f.c:862:12:arch_cpu_init_dm	0	static
board_f.c:302:12:mach_cpu_init	0	static
board_f.c:414:12:reserve_video	0	static
board_f.c:438:12:reserve_trace	0	static
board_f.c:525:12:setup_machine	0	static
board_f.c:563:12:reserve_bootstage	0	static
board_f.c:595:12:reserve_bloblist	0	static
board_f.c:694:12:reloc_bootstage	0	static
board_f.c:713:12:reloc_bloblist	0	static
board_f.c:827:12:initf_console_record	0	static
board_f.c:836:12:initf_dm	0	static
board_f.c:857:12:reserve_arch	0	static
board_f.c:76:13:coloured_LED_init	0	static
board_f.c:77:13:red_led_on	0	static
board_f.c:78:13:red_led_off	0	static
board_f.c:79:13:green_led_on	0	static
board_f.c:80:13:green_led_off	0	static
board_f.c:81:13:yellow_led_on	0	static
board_f.c:82:13:yellow_led_off	0	static
board_f.c:83:13:blue_led_on	0	static
board_f.c:84:13:blue_led_off	0	static
board_f.c:121:13:board_add_ram_info	0	static
board_f.c:210:12:show_dram_config	32	static
board_f.c:308:14:board_get_usable_ram_top	0	static
board_f.c:325:12:setup_dest_addr	16	static
board_f.c:577:12:arch_reserve_stacks	0	static
board_f.c:582:12:reserve_stacks	0	static
board_f.c:1016:6:board_init_f	16	static
