log.h:438:19:log_init	0	static
board_r.c:94:12:initr_trace	0	static
board_r.c:103:12:initr_reloc	0	static
board_r.c:129:12:initr_reloc_global_data	0	static
board_r.c:636:12:run_main_loop	8	static
board_r.c:575:12:initr_net	8	static
board_r.c:509:12:initr_ethaddr	8	static
board_r.c:501:12:initr_enable_interrupts	8	static
board_r.c:484:12:initr_jumptable	8	static
board_r.c:454:12:initr_env	8	static
board_r.c:424:12:initr_mmc	8	static
board_r.c:335:12:initr_announce	8	static
board_r.c:180:12:initr_serial	8	static
board_r.c:323:12:initr_bootstage	8	static
board_r.c:246:12:initr_malloc	8	static
board_r.c:116:12:initr_caches	8	static
board_r.c:330:12:power_init_board	0	static
board_r.c:237:12:initr_barrier	0	static
board_r.c:265:12:initr_console_record	0	static
board_r.c:66:12:board_flash_wp_on	0	static
board_r.c:76:13:cpu_secondary_init_r	0	static
board_r.c:80:12:initr_secondary_cpu	8	static
board_r.c:124:12:fixup_cpu	0	static
board_r.c:844:6:board_init_r	8	static
