console.c:105:12:console_setfile	16	static
console.c:316:5:fgetc.part.0	16	static
console.c:390:5:getc	0	static
console.c:298:5:serial_printf	296	static
console.c:316:5:fgetc	0	static
console.c:349:5:ftstc	0	static
console.c:418:5:tstc	0	static
console.c:357:6:fputc	0	static
console.c:501:6:putc	0	static
console.c:363:6:fputs	0	static
console.c:549:6:puts	0	static
console.c:369:5:fprintf	300	static
console.c:629:5:ctrlc	8	static
console.c:648:5:confirm_yesno	16	static
console.c:675:5:disable_ctrlc	0	static
console.c:683:5:had_ctrlc	0	static
console.c:688:6:clear_ctrlc	0	static
console.c:695:19:search_device	8	static
console.c:711:5:console_assign	8	static
console.c:25:12:on_console	24	static
console.c:757:5:console_announce_r	208	static
console.c:771:5:console_init_f	0	static
console.c:782:6:stdio_print_current_devices	8	static
console.c:910:5:console_init_r	16	static
