dlmalloc.c:729:13:do_check_chunk	16	static
dlmalloc.c:750:13:do_check_free_chunk	16	static
dlmalloc.c:783:13:do_check_inuse_chunk	16	static
dlmalloc.c:2259:13:malloc_update_mallinfo	32	static
dlmalloc.c:815:13:do_check_malloced_chunk	24	static
dlmalloc.c:581:7:sbrk	16	static
dlmalloc.c:601:6:mem_malloc_init	16	static
dlmalloc.c:2163:5:malloc_trim	24	static
dlmalloc.c:1509:6:free	24	static
dlmalloc.c:1237:9:malloc	40	static
dlmalloc.c:2061:9:calloc	24	static
dlmalloc.c:1647:9:realloc	32	static
dlmalloc.c:1877:9:memalign	24	static
dlmalloc.c:2030:9:valloc	0	static
dlmalloc.c:2045:9:pvalloc	0	static
dlmalloc.c:2128:6:cfree	0	static
dlmalloc.c:2232:8:malloc_usable_size	8	static
dlmalloc.c:2316:6:malloc_stats	8	static
dlmalloc.c:2337:17:mallinfo	8	static
dlmalloc.c:2361:5:mallopt	0	static
dlmalloc.c:2386:5:initf_malloc	0	static
