image.c:563:12:on_loadaddr	8	static
image.c:213:5:image_check_hcrc	72	static
image.c:228:5:image_check_dcrc	8	static
image.c:250:7:image_multi_count	0	static
image.c:283:6:image_multi_getimg	24	static
image.c:579:7:env_get_bootm_low	8	static
image.c:596:13:env_get_bootm_size	16	static
image.c:624:13:env_get_bootm_mapsize	8	static
image.c:640:6:memmove_wd	0	static
image.c:675:6:genimg_print_size	8	static
image.c:703:22:get_table_entry	0	static
image.c:824:20:genimg_get_short_name	8	static
image.c:734:13:genimg_get_cat_name	16	static
image.c:758:13:genimg_get_cat_short_name	16	static
image.c:772:5:genimg_get_cat_count	0	static
image.c:777:13:genimg_get_cat_desc	0	static
image.c:796:7:get_table_entry_name	8	static
image.c:808:13:genimg_get_os_name	0	static
image.c:813:13:genimg_get_arch_name	0	static
image.c:819:13:genimg_get_type_name	0	static
image.c:408:5:image_decomp	24	static
image.c:836:13:genimg_get_type_short_name	0	static
image.c:841:13:genimg_get_comp_name	0	static
image.c:343:6:image_print_contents	40	static
image.c:847:13:genimg_get_comp_short_name	0	static
image.c:852:13:genimg_get_os_short_name	0	static
image.c:857:13:genimg_get_arch_short_name	0	static
image.c:876:5:get_table_entry_id	16	static
image.c:894:5:genimg_get_os_id	0	static
image.c:899:5:genimg_get_arch_id	0	static
image.c:904:5:genimg_get_type_id	0	static
image.c:909:5:genimg_get_comp_id	0	static
image.c:930:7:genimg_get_kernel_addr_fit	8	static
image.c:964:7:genimg_get_kernel_addr	16	static
image.c:987:5:genimg_get_format	0	static
image.c:1019:5:genimg_has_config	0	static
image.c:1050:5:boot_get_ramdisk	40	static
image.c:1334:5:boot_get_setup	0	static
