serial_s3c24x0.c:248:1:s3serial1_getc	0	static
serial_s3c24x0.c:248:1:s3serial1_tstc	0	static
serial_s3c24x0.c:72:13:_serial_setbrg	8	static
serial_s3c24x0.c:245:1:s3serial0_setbrg	0	static
serial_s3c24x0.c:248:1:s3serial1_setbrg	0	static
serial_s3c24x0.c:251:1:s3serial2_setbrg	0	static
serial_s3c24x0.c:94:12:serial_init_dev	8	static
serial_s3c24x0.c:245:1:s3serial0_init	0	static
serial_s3c24x0.c:248:1:s3serial1_init	0	static
serial_s3c24x0.c:251:1:s3serial2_init	0	static
serial_s3c24x0.c:190:13:_serial_putc	0	static
serial_s3c24x0.c:245:1:s3serial0_putc	0	static
serial_s3c24x0.c:248:1:s3serial1_putc	0	static
serial_s3c24x0.c:251:1:s3serial2_putc	0	static
serial_s3c24x0.c:233:13:_serial_puts	16	static
serial_s3c24x0.c:245:1:s3serial0_puts	0	static
serial_s3c24x0.c:248:1:s3serial1_puts	0	static
serial_s3c24x0.c:251:1:s3serial2_puts	0	static
serial_s3c24x0.c:251:1:s3serial2_tstc	0	static
serial_s3c24x0.c:245:1:s3serial0_tstc	0	static
serial_s3c24x0.c:251:1:s3serial2_getc	0	static
serial_s3c24x0.c:245:1:s3serial0_getc	0	static
serial_s3c24x0.c:255:30:default_serial_console	0	static
serial_s3c24x0.c:268:6:s3c24xx_serial_initialize	8	static
