serial_s3c24x0.c:242:1:s3serial1_tstc	0	static
serial_s3c24x0.c:245:1:s3serial2_getc	0	static
serial_s3c24x0.c:72:13:_serial_setbrg	8	static
serial_s3c24x0.c:239:1:s3serial0_setbrg	0	static
serial_s3c24x0.c:242:1:s3serial1_setbrg	0	static
serial_s3c24x0.c:245:1:s3serial2_setbrg	0	static
serial_s3c24x0.c:242:1:s3serial1_init	8	static
serial_s3c24x0.c:184:13:_serial_putc	0	static
serial_s3c24x0.c:239:1:s3serial0_putc	0	static
serial_s3c24x0.c:242:1:s3serial1_putc	0	static
serial_s3c24x0.c:245:1:s3serial2_putc	0	static
serial_s3c24x0.c:227:13:_serial_puts	16	static
serial_s3c24x0.c:239:1:s3serial0_puts	0	static
serial_s3c24x0.c:242:1:s3serial1_puts	0	static
serial_s3c24x0.c:245:1:s3serial2_puts	0	static
serial_s3c24x0.c:245:1:s3serial2_tstc	0	static
serial_s3c24x0.c:239:1:s3serial0_tstc	0	static
serial_s3c24x0.c:239:1:s3serial0_getc	0	static
serial_s3c24x0.c:242:1:s3serial1_getc	0	static
serial_s3c24x0.c:245:1:s3serial2_init	8	static
serial_s3c24x0.c:239:1:s3serial0_init	8	static
serial_s3c24x0.c:249:30:default_serial_console	0	static
serial_s3c24x0.c:262:6:s3c24xx_serial_initialize	8	static
