serial.c:187:12:serial_stub_start	0	static
serial.c:194:12:serial_stub_stop	0	static
serial.c:201:13:serial_stub_putc	0	static
serial.c:208:13:serial_stub_puts	0	static
serial.c:215:12:serial_stub_getc	0	static
serial.c:222:12:serial_stub_tstc	0	static
serial.c:316:30:get_current	8	static
serial.c:32:13:serial_null	0	static
serial.c:139:6:serial_register	0	static
serial.c:236:6:serial_stdio_init	96	static
serial.c:273:5:serial_assign	16	static
serial.c:171:6:serial_initialize	8	static
serial.c:293:6:serial_reinit_all	8	static
serial.c:350:5:serial_init	8	static
serial.c:366:6:serial_setbrg	8	static
serial.c:49:12:on_baudrate	16	static
serial.c:382:5:serial_getc	8	static
serial.c:397:5:serial_tstc	8	static
serial.c:413:6:serial_putc	8	static
serial.c:431:6:serial_puts	8	static
serial.c:448:6:default_serial_puts	16	static
