net.c:361:13:net_clear_handlers	0	static
net.c:685:13:start_again_timeout_handler	0	static
net.c:749:13:dummy_handler	0	static
net.c:219:12:on_ipaddr	8	static
net.c:231:12:on_gatewayip	8	static
net.c:243:12:on_netmask	8	static
net.c:255:12:on_serverip	8	static
net.c:353:13:net_init_loop	0	static
net.c:373:6:net_init	8	static
net.c:690:5:net_start_again	16	static
net.c:755:11:net_get_udp_handler	0	static
net.c:760:6:net_set_udp_handler	0	static
net.c:769:11:net_get_arp_handler	0	static
net.c:774:6:net_set_arp_handler	0	static
net.c:790:6:net_set_timeout_handler	8	static
net.c:805:8:net_get_async_tx_pkt_buf	8	static
net.c:1078:6:net_process_received_packet	32	static
net.c:1421:1:net_eth_hdr_size	0	static
net.c:1433:5:net_set_ether	24	static
net.c:1458:5:net_update_ether	16	static
net.c:1481:6:net_set_ip_header	16	static
net.c:1506:6:net_set_udp_header	32	static
net.c:820:5:net_send_ip_packet	40	static
net.c:813:5:net_send_udp_packet	32	static
net.c:1528:6:copy_filename	0	static
net.c:1540:5:is_serverip_in_cmd	8	static
net.c:1333:12:net_check_prereq	8	static
net.c:309:6:net_auto_load	8	static
net.c:404:5:net_loop	40	static
net.c:1545:5:net_parse_bootfile	24	static
net.c:1573:14:random_port	8	static
net.c:1579:6:ip_to_string	16	static
net.c:1590:6:vlan_to_string	0	static
net.c:1603:8:string_to_vlan	8	static
net.c:267:12:on_nvlan	8	static
net.c:279:12:on_vlan	8	static
net.c:1618:8:env_get_vlan	8	static
