nfs.c:432:12:rpc_lookup_reply	1160	static
nfs.c:462:12:nfs_mount_reply	1168	static
nfs.c:488:12:nfs_umountall_reply	1168	static
nfs.c:512:12:nfs_lookup_reply	1168	static
nfs.c:613:12:nfs_readlink_reply	1176	static
nfs.c:116:14:basename	8	static
nfs.c:663:12:nfs_read_reply	1168	static
nfs.c:174:13:rpc_req	1176	static
nfs.c:360:13:nfs_read_req	4128	static
nfs.c:291:13:nfs_readlink_req	4112	static
nfs.c:240:13:nfs_mount_req	4120	static
nfs.c:317:13:nfs_lookup_req	4136	static
nfs.c:266:13:nfs_umountall_req	4104	static
nfs.c:393:13:nfs_send	72	static
nfs.c:738:13:nfs_handler	16	static
nfs.c:724:13:nfs_timeout_handler	8	static
nfs.c:862:6:nfs_start	32	static
